109.234.153.134 - - [20/Mar/2021:04:55:24 +0000] "POST http://check.best-proxies.ru/azenv.php?s=VIVJVXOONXTETOPCPNIXMOIUIOYRYR HTTP/1.1" 404 232 "https://best-proxies.ru/" "Mozilla/5.0 (Windows NT 10.0; Win64; x64) AppleWebKit/537.36 (KHTML, like Gecko) Chrome/86.0.4240.75 Safari/537.36"
109.234.153.130 - - [20/Mar/2021:04:55:29 +0000] "CONNECT 5.178.86.76:80 HTTP/1.1" 404 232 "-" "-"
139.162.79.87 - - [20/Mar/2021:06:18:28 +0000] "GET / HTTP/1.1" 200 337 "-" "Mozilla/5.0"
74.120.14.37 - - [20/Mar/2021:06:56:54 +0000] "GET / HTTP/1.1" 200 337 "-" "-"
74.120.14.37 - - [20/Mar/2021:06:56:54 +0000] "GET / HTTP/1.1" 200 337 "-" "Mozilla/5.0 (compatible; CensysInspect/1.1; +https://about.censys.io/)"
109.234.153.134 - - [20/Mar/2021:07:53:24 +0000] "POST http://check.best-proxies.ru/azenv.php?s=VIVJVXOONXTETOPCPNNIMIUUTOYRYR HTTP/1.1" 404 232 "https://best-proxies.ru/" "Mozilla/5.0 (Windows NT 6.1; Win64; x64) AppleWebKit/537.36 (KHTML, like Gecko) Chrome/86.0.4240.75 Safari/537.36"
109.234.153.132 - - [20/Mar/2021:07:53:29 +0000] "CONNECT 5.178.86.76:80 HTTP/1.1" 404 232 "-" "-"
109.234.153.130 - - [20/Mar/2021:07:54:26 +0000] "POST http://check.best-proxies.ru/azenv.php?s=VIVJVXOONXTETOPCPDIDYUUUTOYRYR HTTP/1.1" 404 232 "https://best-proxies.ru/" "Mozilla/5.0 (Windows NT 10.0; Win64; x64) AppleWebKit/537.36 (KHTML, like Gecko) Chrome/86.0.4240.75 Safari/537.36"
109.234.153.133 - - [20/Mar/2021:07:54:31 +0000] "CONNECT 5.178.86.76:80 HTTP/1.1" 404 232 "-" "-"
184.105.247.194 - - [20/Mar/2021:08:11:06 +0000] "GET / HTTP/1.1" 200 337 "-" "-"
109.234.153.130 - - [20/Mar/2021:10:56:22 +0000] "POST http://check.best-proxies.ru/azenv.php?s=VIVJVXOONXTETOPCPEIBTJKNPOYRYR HTTP/1.1" 404 232 "https://best-proxies.ru/" "Mozilla/5.0 (Windows NT 10.0; Win64; x64) AppleWebKit/537.36 (KHTML, like Gecko) Chrome/85.0.4183.102 YaBrowser/20.9.2.80 Yowser/2.5 Safari/537.36"
109.234.153.133 - - [20/Mar/2021:10:56:27 +0000] "CONNECT 5.178.86.76:80 HTTP/1.1" 404 232 "-" "-"
109.234.153.132 - - [20/Mar/2021:13:53:59 +0000] "POST http://check.best-proxies.ru/azenv.php?s=VIVJVXOONXTETOPCPRODUDMJMOYRYR HTTP/1.1" 404 232 "https://best-proxies.ru/" "Mozilla/5.0 (Windows NT 6.1; Win64; x64) AppleWebKit/537.36 (KHTML, like Gecko) Chrome/86.0.4240.75 Safari/537.36"
109.234.153.130 - - [20/Mar/2021:13:54:04 +0000] "CONNECT 5.178.86.76:80 HTTP/1.1" 404 232 "-" "-"
109.234.153.134 - - [20/Mar/2021:15:54:14 +0000] "POST http://check.best-proxies.ru/azenv.php?s=VIVJVXOONXTETOPCPEPEPBYBOOYRYR HTTP/1.1" 404 232 "https://best-proxies.ru/" "Mozilla/5.0 (Macintosh; Intel Mac OS X 10_15_7) AppleWebKit/537.36 (KHTML, like Gecko) Chrome/85.0.4183.121 Safari/537.36"
109.234.153.130 - - [20/Mar/2021:15:54:19 +0000] "CONNECT 5.178.86.76:80 HTTP/1.1" 404 232 "-" "-"
49.234.31.252 - - [20/Mar/2021:17:45:27 +0000] "POST /_ignition/execute-solution HTTP/1.1" 404 232 "-" "Mozilla/5.0 (Macintosh; Intel Mac OS X 10.14; rv:78.0) Gecko/20100101 Firefox/78.0"
85.119.151.250 - - [20/Mar/2021:20:00:02 +0000] "POST http://check.best-proxies.ru/azenv.php?s=VIVJVXOONXTETOPCPXOXTIMIKOYRYR HTTP/1.1" 404 232 "https://best-proxies.ru/" "Mozilla/5.0 (Windows NT 10.0; Win64; x64; rv:81.0) Gecko/20100101 Firefox/81.0"
85.119.151.251 - - [20/Mar/2021:20:00:07 +0000] "CONNECT 5.178.86.76:80 HTTP/1.1" 404 232 "-" "-"
170.130.187.6 - - [20/Mar/2021:22:27:59 +0000] "GET / HTTP/1.1" 200 337 "-" "https://gdnplus.com:Gather Analyze Provide."
85.119.151.252 - - [20/Mar/2021:22:57:49 +0000] "POST http://check.best-proxies.ru/azenv.php?s=VIVJVXOONXTETOPCPRPONUVRUOYRYR HTTP/1.1" 404 232 "https://best-proxies.ru/" "Mozilla/5.0 (Windows NT 10.0; Win64; x64) AppleWebKit/537.36 (KHTML, like Gecko) Chrome/85.0.4183.121 Safari/537.36 OPR/71.0.3770.234 (Edition Yx GX)"
85.119.151.251 - - [20/Mar/2021:22:57:54 +0000] "CONNECT 5.178.86.76:80 HTTP/1.1" 404 232 "-" "-"
85.119.151.254 - - [21/Mar/2021:02:00:02 +0000] "POST http://check.best-proxies.ru/azenv.php?s=VIVJVXOONXTETOPCPXIITIVONOYRYR HTTP/1.1" 404 232 "https://best-proxies.ru/" "Mozilla/5.0 (Macintosh; Intel Mac OS X 10_14_5) AppleWebKit/605.1.15 (KHTML, like Gecko) Version/13.1.1 Safari/605.1.15"
85.119.151.254 - - [21/Mar/2021:02:00:07 +0000] "CONNECT 5.178.86.76:80 HTTP/1.1" 404 232 "-" "-"
107.189.1.220 - - [21/Mar/2021:03:54:57 +0000] "GET / HTTP/1.1" 200 337 "-" "Mozilla/5.0 (compatible, MSIE 10.0, Windows NT, DigExt)"
85.119.151.250 - - [21/Mar/2021:04:23:08 +0000] "POST http://check.best-proxies.ru/azenv.php?s=VIVJVXOONXTETOPCPXOIUJOIVDYRYR HTTP/1.1" 404 232 "https://best-proxies.ru/" "Mozilla/5.0 (Windows NT 10.0; Win64; x64; rv:81.0) Gecko/20100101 Firefox/81.0"
85.119.151.254 - - [21/Mar/2021:04:23:13 +0000] "CONNECT 5.178.86.76:80 HTTP/1.1" 404 232 "-" "-"
184.105.247.254 - - [21/Mar/2021:06:21:29 +0000] "GET / HTTP/1.1" 200 337 "-" "-"
85.119.151.251 - - [21/Mar/2021:07:55:29 +0000] "POST http://check.best-proxies.ru/azenv.php?s=VIVJVXOONXTETOPCPIORNOPDIDYRYR HTTP/1.1" 404 232 "https://best-proxies.ru/" "Mozilla/5.0 (Windows NT 6.1; Win64; x64) AppleWebKit/537.36 (KHTML, like Gecko) Chrome/86.0.4240.75 Safari/537.36"
85.119.151.254 - - [21/Mar/2021:07:55:34 +0000] "CONNECT 5.178.86.76:80 HTTP/1.1" 404 232 "-" "-"
85.119.151.251 - - [21/Mar/2021:09:34:19 +0000] "POST http://check.best-proxies.ru/azenv.php?s=VIVJVXOONXTETOPCPDNENBTXIDYRYR HTTP/1.1" 404 232 "https://best-proxies.ru/" "Mozilla/5.0 (Windows NT 10.0; Win64; x64) AppleWebKit/537.36 (KHTML, like Gecko) Chrome/86.0.4240.75 Safari/537.36"
85.119.151.254 - - [21/Mar/2021:09:34:25 +0000] "CONNECT 5.178.86.76:80 HTTP/1.1" 404 232 "-" "-"
182.232.123.227 - - [21/Mar/2021:09:37:27 +0000] "POST /upload HTTP/1.1" 500 290 "-" "Dart/2.13 (dart:io)"
202.28.250.104 - - [21/Mar/2021:09:46:02 +0000] "POST /upload HTTP/1.1" 406 0 "-" "Dart/2.12 (dart:io)"
202.28.250.104 - - [21/Mar/2021:09:48:26 +0000] "POST /upload HTTP/1.1" 406 0 "-" "Dart/2.12 (dart:io)"
202.28.250.104 - - [21/Mar/2021:09:50:38 +0000] "POST /upload HTTP/1.1" 406 0 "-" "Dart/2.12 (dart:io)"
202.28.250.104 - - [21/Mar/2021:09:57:34 +0000] "POST /upload HTTP/1.1" 406 0 "-" "Dart/2.12 (dart:io)"
202.28.250.104 - - [21/Mar/2021:10:00:00 +0000] "POST /upload HTTP/1.1" 406 0 "-" "Dart/2.12 (dart:io)"
202.28.250.98 - - [21/Mar/2021:10:00:15 +0000] "GET / HTTP/1.1" 200 337 "-" "Mozilla/5.0 (Windows NT 10.0; Win64; x64) AppleWebKit/537.36 (KHTML, like Gecko) Chrome/89.0.4389.90 Safari/537.36"
202.28.250.98 - - [21/Mar/2021:10:00:16 +0000] "GET /favicon.ico HTTP/1.1" 404 232 "http://192.46.230.251:8000/" "Mozilla/5.0 (Windows NT 10.0; Win64; x64) AppleWebKit/537.36 (KHTML, like Gecko) Chrome/89.0.4389.90 Safari/537.36"
202.28.250.98 - - [21/Mar/2021:10:00:46 +0000] "POST /upload HTTP/1.1" 200 52 "http://192.46.230.251:8000/" "Mozilla/5.0 (Windows NT 10.0; Win64; x64) AppleWebKit/537.36 (KHTML, like Gecko) Chrome/89.0.4389.90 Safari/537.36"
202.28.250.104 - - [21/Mar/2021:10:04:05 +0000] "POST /upload HTTP/1.1" 406 0 "-" "Dart/2.12 (dart:io)"
202.28.250.93 - - [21/Mar/2021:10:10:00 +0000] "POST /upload HTTP/1.1" 200 70 "-" "Dart/2.13 (dart:io)"
202.28.250.104 - - [21/Mar/2021:10:11:56 +0000] "POST /upload HTTP/1.1" 406 0 "-" "Dart/2.12 (dart:io)"
202.28.250.104 - - [21/Mar/2021:10:16:19 +0000] "POST /upload HTTP/1.1" 200 64 "-" "Dart/2.12 (dart:io)"
162.142.125.55 - - [21/Mar/2021:12:10:29 +0000] "GET / HTTP/1.1" 200 337 "-" "-"
162.142.125.55 - - [21/Mar/2021:12:10:30 +0000] "GET / HTTP/1.1" 200 337 "-" "Mozilla/5.0 (compatible; CensysInspect/1.1; +https://about.censys.io/)"
85.119.151.253 - - [21/Mar/2021:13:55:02 +0000] "POST http://check.best-proxies.ru/azenv.php?s=VIVJVXOONXTETOPCPONOTINEPDYRYR HTTP/1.1" 404 232 "https://best-proxies.ru/" "Mozilla/5.0 (Windows NT 10.0; Win64; x64; rv:81.0) Gecko/20100101 Firefox/81.0"
85.119.151.251 - - [21/Mar/2021:13:55:07 +0000] "CONNECT 5.178.86.76:80 HTTP/1.1" 404 232 "-" "-"
85.119.151.252 - - [21/Mar/2021:14:21:37 +0000] "POST http://check.best-proxies.ru/azenv.php?s=VIVJVXOONXTETOPCPJKBKXMUPDYRYR HTTP/1.1" 404 232 "https://best-proxies.ru/" "Mozilla/5.0 (Macintosh; Intel Mac OS X 10_15_7) AppleWebKit/537.36 (KHTML, like Gecko) Chrome/85.0.4183.121 Safari/537.36"
85.119.151.252 - - [21/Mar/2021:14:21:42 +0000] "CONNECT 5.178.86.76:80 HTTP/1.1" 404 232 "-" "-"
3.101.113.88 - - [21/Mar/2021:14:22:53 +0000] "GET / HTTP/1.1" 200 337 "-" "Mozilla/5.0 (Macintosh; Intel Mac OS X 10_11_5) AppleWebKit/537.36 (KHTML, like Gecko) Chrome/50.0.2661.102 Safari/537.36"
49.230.244.230 - - [21/Mar/2021:17:45:33 +0000] "POST /upload HTTP/1.1" 500 290 "-" "Dart/2.13 (dart:io)"
49.230.244.230 - - [21/Mar/2021:17:52:53 +0000] "POST /upload HTTP/1.1" 500 290 "-" "Dart/2.13 (dart:io)"
49.230.244.230 - - [21/Mar/2021:17:56:51 +0000] "POST /upload HTTP/1.1" 200 52 "-" "Dart/2.13 (dart:io)"
109.234.153.134 - - [21/Mar/2021:19:53:47 +0000] "POST http://check.best-proxies.ru/azenv.php?s=VIVJVXOONXTETOPCPNOEKOMUODYRYR HTTP/1.1" 404 232 "https://best-proxies.ru/" "Mozilla/5.0 (Windows NT 10.0; Win64; x64) AppleWebKit/537.36 (KHTML, like Gecko) Chrome/85.0.4183.121 Safari/537.36 OPR/71.0.3770.234 (Edition Yx GX)"
109.234.153.131 - - [21/Mar/2021:19:53:52 +0000] "CONNECT 5.178.86.76:80 HTTP/1.1" 404 232 "-" "-"
109.234.153.131 - - [21/Mar/2021:23:01:37 +0000] "POST http://check.best-proxies.ru/azenv.php?s=VIVJVXOONXTETOPCPXKJKXYNYDYRYR HTTP/1.1" 404 232 "https://best-proxies.ru/" "Mozilla/5.0 (Windows NT 10.0; Win64; x64) AppleWebKit/537.36 (KHTML, like Gecko) Chrome/85.0.4183.121 Safari/537.36 OPR/71.0.3770.271"
109.234.153.134 - - [21/Mar/2021:23:01:42 +0000] "CONNECT 5.178.86.76:80 HTTP/1.1" 404 232 "-" "-"
109.234.153.131 - - [22/Mar/2021:02:02:18 +0000] "POST http://check.best-proxies.ru/azenv.php?s=VIVJVXOONXTETOPCPOIJUDOJKDYRYR HTTP/1.1" 404 232 "https://best-proxies.ru/" "Mozilla/5.0 (Macintosh; Intel Mac OS X 10_15_7) AppleWebKit/537.36 (KHTML, like Gecko) Chrome/85.0.4183.121 Safari/537.36"
109.234.153.134 - - [22/Mar/2021:02:02:23 +0000] "CONNECT 5.178.86.76:80 HTTP/1.1" 404 232 "-" "-"
78.187.168.161 - - [22/Mar/2021:04:47:12 +0000] "GET / HTTP/1.0" 200 337 "-" "-"
184.105.139.67 - - [22/Mar/2021:07:34:32 +0000] "GET / HTTP/1.1" 200 337 "-" "-"
109.234.153.133 - - [22/Mar/2021:08:01:27 +0000] "POST http://check.best-proxies.ru/azenv.php?s=VIVJVXOONXTETOPCPXIJKJVIVEYRYR HTTP/1.1" 404 232 "https://best-proxies.ru/" "Mozilla/5.0 (Windows NT 10.0; Win64; x64; rv:81.0) Gecko/20100101 Firefox/81.0"
109.234.153.130 - - [22/Mar/2021:08:01:32 +0000] "CONNECT 5.178.86.76:80 HTTP/1.1" 404 232 "-" "-"
202.28.250.108 - - [22/Mar/2021:08:27:39 +0000] "POST /upload HTTP/1.1" 200 70 "-" "Dart/2.12 (dart:io)"
118.89.70.71 - - [22/Mar/2021:10:34:17 +0000] "GET //~~ HTTP/1.1" 404 232 "-" "Mozilla/4.0 (compatible; MSIE 6.0; Windows NT 5.0)"
202.28.250.102 - - [22/Mar/2021:13:23:37 +0000] "POST /upload HTTP/1.1" 500 290 "-" "Dart/2.13 (dart:io)"
202.28.250.102 - - [22/Mar/2021:13:24:56 +0000] "POST /upload HTTP/1.1" 500 290 "-" "Dart/2.13 (dart:io)"
202.28.250.102 - - [22/Mar/2021:13:25:37 +0000] "POST /upload HTTP/1.1" 500 290 "-" "Dart/2.13 (dart:io)"
202.28.250.102 - - [22/Mar/2021:13:31:46 +0000] "POST /upload HTTP/1.1" 500 290 "-" "Dart/2.13 (dart:io)"
202.28.250.102 - - [22/Mar/2021:13:36:15 +0000] "POST /upload HTTP/1.1" 500 290 "-" "Dart/2.13 (dart:io)"
202.28.250.102 - - [22/Mar/2021:13:38:01 +0000] "POST /upload HTTP/1.1" 500 290 "-" "Dart/2.13 (dart:io)"
202.28.250.102 - - [22/Mar/2021:13:40:21 +0000] "POST /upload HTTP/1.1" 500 290 "-" "Dart/2.13 (dart:io)"
202.28.250.102 - - [22/Mar/2021:13:53:41 +0000] "POST /upload HTTP/1.1" 500 290 "-" "Dart/2.13 (dart:io)"
109.234.153.133 - - [22/Mar/2021:14:03:22 +0000] "POST http://check.best-proxies.ru/azenv.php?s=VIVJVXOONXTETOPCPRNXTIURTEYRYR HTTP/1.1" 404 232 "https://best-proxies.ru/" "Mozilla/5.0 (Windows NT 10.0; Win64; x64) AppleWebKit/537.36 (KHTML, like Gecko) Chrome/85.0.4183.121 Safari/537.36 OPR/71.0.3770.271"
109.234.153.134 - - [22/Mar/2021:14:03:27 +0000] "CONNECT 5.178.86.76:80 HTTP/1.1" 404 232 "-" "-"
202.28.250.102 - - [22/Mar/2021:14:08:04 +0000] "POST /upload HTTP/1.1" 500 290 "-" "Dart/2.13 (dart:io)"
202.28.250.102 - - [22/Mar/2021:14:12:04 +0000] "POST /upload HTTP/1.1" 500 290 "-" "Dart/2.13 (dart:io)"
202.28.250.102 - - [22/Mar/2021:14:18:13 +0000] "POST /upload HTTP/1.1" 500 290 "-" "Dart/2.13 (dart:io)"
202.28.250.102 - - [22/Mar/2021:14:34:12 +0000] "POST /upload HTTP/1.1" 500 290 "-" "Dart/2.13 (dart:io)"
202.28.250.102 - - [22/Mar/2021:14:35:30 +0000] "POST /upload HTTP/1.1" 500 290 "-" "Dart/2.13 (dart:io)"
202.28.250.102 - - [22/Mar/2021:14:36:24 +0000] "POST /upload HTTP/1.1" 500 290 "-" "Dart/2.13 (dart:io)"
202.28.250.102 - - [22/Mar/2021:14:38:28 +0000] "POST /upload HTTP/1.1" 500 290 "-" "Dart/2.13 (dart:io)"
202.28.250.102 - - [22/Mar/2021:14:51:33 +0000] "POST /upload HTTP/1.1" 500 290 "-" "Dart/2.13 (dart:io)"
202.28.250.102 - - [22/Mar/2021:14:52:27 +0000] "POST /upload HTTP/1.1" 500 290 "-" "Dart/2.13 (dart:io)"
202.28.250.102 - - [22/Mar/2021:14:57:31 +0000] "POST /upload HTTP/1.1" 500 290 "-" "Dart/2.13 (dart:io)"
202.28.250.102 - - [22/Mar/2021:15:14:23 +0000] "POST /upload HTTP/1.1" 200 70 "-" "Dart/2.13 (dart:io)"
202.28.250.102 - - [22/Mar/2021:15:19:05 +0000] "POST /upload HTTP/1.1" 200 64 "-" "Dart/2.13 (dart:io)"
202.28.250.102 - - [22/Mar/2021:15:20:23 +0000] "POST /upload HTTP/1.1" 406 0 "-" "Dart/2.13 (dart:io)"
202.28.250.102 - - [22/Mar/2021:15:21:49 +0000] "POST /upload HTTP/1.1" 406 0 "-" "Dart/2.13 (dart:io)"
202.28.250.102 - - [22/Mar/2021:15:30:29 +0000] "POST /upload HTTP/1.1" 406 0 "-" "Dart/2.13 (dart:io)"
202.28.250.102 - - [22/Mar/2021:15:30:43 +0000] "POST /upload HTTP/1.1" 406 0 "-" "Dart/2.13 (dart:io)"
202.28.250.102 - - [22/Mar/2021:15:32:29 +0000] "POST /upload HTTP/1.1" 406 0 "-" "Dart/2.13 (dart:io)"
202.28.250.102 - - [22/Mar/2021:15:34:18 +0000] "POST /upload HTTP/1.1" 200 64 "-" "Dart/2.13 (dart:io)"
202.28.250.102 - - [22/Mar/2021:15:36:48 +0000] "POST /upload HTTP/1.1" 200 52 "-" "Dart/2.13 (dart:io)"
202.28.250.102 - - [22/Mar/2021:15:39:03 +0000] "POST /upload HTTP/1.1" 200 70 "-" "Dart/2.13 (dart:io)"
202.28.250.102 - - [22/Mar/2021:15:41:02 +0000] "POST /upload HTTP/1.1" 500 290 "-" "Dart/2.13 (dart:io)"
8.210.152.19 - - [22/Mar/2021:15:45:08 +0000] "POST /_ignition/execute-solution HTTP/1.1" 404 232 "-" "Mozilla/5.0 (Macintosh; Intel Mac OS X 10.14; rv:78.0) Gecko/20100101 Firefox/78.0"
222.186.136.150 - - [22/Mar/2021:15:50:42 +0000] "GET http://fuwu.sogou.com/404/index.html HTTP/1.1" 404 232 "-" "Mozilla/5.0 (Windows; U; Windows NT 6.1; en-US) AppleWebKit/534.3 (KHTML, like Gecko) Chrome/6.0.460.0 Safari/534.3"
202.28.250.102 - - [22/Mar/2021:15:53:26 +0000] "POST /upload HTTP/1.1" 200 52 "-" "Dart/2.13 (dart:io)"
74.120.14.39 - - [22/Mar/2021:16:03:44 +0000] "GET / HTTP/1.1" 200 337 "-" "-"
74.120.14.39 - - [22/Mar/2021:16:03:44 +0000] "GET / HTTP/1.1" 200 337 "-" "Mozilla/5.0 (compatible; CensysInspect/1.1; +https://about.censys.io/)"
202.28.250.102 - - [22/Mar/2021:16:05:13 +0000] "POST /upload HTTP/1.1" 200 52 "-" "Dart/2.13 (dart:io)"
172.104.92.166 - - [22/Mar/2021:17:22:38 +0000] "GET / HTTP/1.1" 200 337 "-" "HTTP Banner Detection (https://security.ipip.net)"
202.28.250.102 - - [22/Mar/2021:17:28:00 +0000] "POST /upload HTTP/1.1" 200 64 "-" "Dart/2.13 (dart:io)"
202.28.250.102 - - [22/Mar/2021:17:28:23 +0000] "POST /upload HTTP/1.1" 500 290 "-" "Dart/2.13 (dart:io)"
202.28.250.102 - - [22/Mar/2021:17:29:21 +0000] "POST /upload HTTP/1.1" 200 52 "-" "Dart/2.13 (dart:io)"
202.28.250.102 - - [22/Mar/2021:17:29:47 +0000] "POST /upload HTTP/1.1" 200 52 "-" "Dart/2.13 (dart:io)"
202.28.250.102 - - [22/Mar/2021:17:31:37 +0000] "POST /upload HTTP/1.1" 200 64 "-" "Dart/2.13 (dart:io)"
202.28.24.130 - - [23/Mar/2021:03:55:04 +0000] "POST /upload HTTP/1.1" 200 52 "-" "Dart/2.12 (dart:io)"
202.28.24.130 - - [23/Mar/2021:03:55:49 +0000] "POST /upload HTTP/1.1" 500 290 "-" "Dart/2.12 (dart:io)"
202.28.24.130 - - [23/Mar/2021:03:56:29 +0000] "POST /upload HTTP/1.1" 200 52 "-" "Dart/2.12 (dart:io)"
182.232.123.184 - - [23/Mar/2021:04:12:40 +0000] "POST /upload HTTP/1.1" 500 290 "-" "Dart/2.13 (dart:io)"
182.232.123.184 - - [23/Mar/2021:04:12:59 +0000] "POST /upload HTTP/1.1" 500 290 "-" "Dart/2.13 (dart:io)"
182.232.123.184 - - [23/Mar/2021:04:14:09 +0000] "POST /upload HTTP/1.1" 200 52 "-" "Dart/2.13 (dart:io)"
182.232.123.184 - - [23/Mar/2021:04:14:59 +0000] "POST /upload HTTP/1.1" 500 290 "-" "Dart/2.13 (dart:io)"
182.232.123.184 - - [23/Mar/2021:04:15:46 +0000] "POST /upload HTTP/1.1" 200 64 "-" "Dart/2.13 (dart:io)"
139.162.79.87 - - [23/Mar/2021:04:41:48 +0000] "GET / HTTP/1.1" 200 337 "-" "Mozilla/5.0"
34.77.162.2 - - [23/Mar/2021:04:56:03 +0000] "GET / HTTP/1.1" 200 337 "-" "Expanse indexes the network perimeters of our customers. If you have any questions or concerns, please reach out to: scaninfo@expanseinc.com"
