202.28.250.112 - - [12/Mar/2021:10:00:13 +0000] "GET / HTTP/1.1" 200 337 "-" "Mozilla/5.0 (Windows NT 10.0; Win64; x64) AppleWebKit/537.36 (KHTML, like Gecko) Chrome/89.0.4389.82 Safari/537.36"
202.28.250.112 - - [12/Mar/2021:10:00:16 +0000] "GET / HTTP/1.1" 200 337 "-" "Mozilla/5.0 (Windows NT 10.0; Win64; x64) AppleWebKit/537.36 (KHTML, like Gecko) Chrome/89.0.4389.82 Safari/537.36"
202.28.250.112 - - [12/Mar/2021:10:00:30 +0000] "GET / HTTP/1.1" 200 337 "-" "Mozilla/5.0 (Windows NT 10.0; Win64; x64) AppleWebKit/537.36 (KHTML, like Gecko) Chrome/89.0.4389.82 Safari/537.36"
49.230.242.41 - - [12/Mar/2021:10:05:42 +0000] "POST /upload HTTP/1.1" 200 3 "-" "Dart/2.13 (dart:io)"
66.220.149.1 - - [12/Mar/2021:10:06:55 +0000] "GET /upload HTTP/1.1" 405 178 "-" "facebookexternalhit/1.1 (+http://www.facebook.com/externalhit_uatext.php)"
66.220.149.112 - - [12/Mar/2021:10:06:55 +0000] "GET /upload HTTP/1.1" 405 178 "-" "facebookexternalhit/1.1 (+http://www.facebook.com/externalhit_uatext.php)"
66.220.149.37 - - [12/Mar/2021:10:06:56 +0000] "GET /upload HTTP/1.1" 405 178 "-" "facebookexternalhit/1.1 (+http://www.facebook.com/externalhit_uatext.php)"
66.220.149.12 - - [12/Mar/2021:10:06:56 +0000] "GET /upload HTTP/1.1" 405 178 "-" "facebookexternalhit/1.1 (+http://www.facebook.com/externalhit_uatext.php)"
202.28.250.112 - - [12/Mar/2021:10:30:25 +0000] "POST /upload HTTP/1.1" 200 76 "http://192.46.230.251:8000/" "Mozilla/5.0 (Windows NT 10.0; Win64; x64) AppleWebKit/537.36 (KHTML, like Gecko) Chrome/89.0.4389.82 Safari/537.36"
195.154.63.222 - - [12/Mar/2021:10:32:35 +0000] "GET /favicon.ico HTTP/1.1" 404 232 "-" "Mozilla/5.0 (X11; Ubuntu; Linux x86_64; rv:58.0) Gecko/20100101 Firefox/58.0"
202.28.250.112 - - [12/Mar/2021:10:33:01 +0000] "POST /upload HTTP/1.1" 500 290 "-" "PostmanRuntime/7.26.10"
202.28.250.112 - - [12/Mar/2021:10:33:13 +0000] "GET / HTTP/1.1" 200 337 "-" "Mozilla/5.0 (Windows NT 10.0; Win64; x64) AppleWebKit/537.36 (KHTML, like Gecko) Chrome/89.0.4389.82 Safari/537.36"
202.28.250.112 - - [12/Mar/2021:10:40:58 +0000] "POST /upload HTTP/1.1" 200 76 "-" "PostmanRuntime/7.26.10"
158.101.42.3 - - [12/Mar/2021:10:59:27 +0000] "POST /_ignition/execute-solution HTTP/1.1" 404 232 "-" "Mozilla/5.0 (Windows NT 6.1; Win64; x64) AppleWebKit/537.36 (KHTML, like Gecko) Chrome/86.0.4240.111 Safari/537.36"
74.82.47.2 - - [12/Mar/2021:11:56:33 +0000] "GET / HTTP/1.1" 200 337 "-" "-"
66.220.149.24 - - [12/Mar/2021:12:25:34 +0000] "GET /upload HTTP/1.1" 405 178 "-" "facebookexternalhit/1.1 (+http://www.facebook.com/externalhit_uatext.php)"
66.220.149.31 - - [12/Mar/2021:12:25:34 +0000] "GET /upload HTTP/1.1" 405 178 "-" "facebookexternalhit/1.1 (+http://www.facebook.com/externalhit_uatext.php)"
66.220.149.24 - - [12/Mar/2021:12:25:36 +0000] "GET /upload HTTP/1.1" 405 178 "-" "facebookexternalhit/1.1 (+http://www.facebook.com/externalhit_uatext.php)"
66.220.149.8 - - [12/Mar/2021:12:25:36 +0000] "GET /upload HTTP/1.1" 405 178 "-" "facebookexternalhit/1.1 (+http://www.facebook.com/externalhit_uatext.php)"
78.189.219.123 - - [12/Mar/2021:14:31:17 +0000] "GET / HTTP/1.0" 200 337 "-" "-"
202.28.250.102 - - [12/Mar/2021:14:47:34 +0000] "POST /upload HTTP/1.1" 200 70 "-" "Dart/2.13 (dart:io)"
34.77.162.14 - - [12/Mar/2021:17:04:33 +0000] "GET / HTTP/1.1" 200 337 "-" "Expanse indexes the network perimeters of our customers. If you have any questions or concerns, please reach out to: scaninfo@expanseinc.com"
106.53.97.24 - - [12/Mar/2021:17:13:14 +0000] "POST /_ignition/execute-solution HTTP/1.1" 404 232 "-" "Mozilla/5.0 (Windows NT 6.1; Win64; x64) AppleWebKit/537.36 (KHTML, like Gecko) Chrome/86.0.4240.111 Safari/537.36"
202.28.250.102 - - [12/Mar/2021:17:36:01 +0000] "POST /upload HTTP/1.1" 500 290 "-" "Dart/2.13 (dart:io)"
202.28.250.102 - - [12/Mar/2021:17:36:03 +0000] "POST /upload HTTP/1.1" 500 290 "-" "Dart/2.13 (dart:io)"
202.28.250.102 - - [12/Mar/2021:17:43:42 +0000] "POST /upload HTTP/1.1" 500 290 "-" "Dart/2.13 (dart:io)"
202.28.250.102 - - [12/Mar/2021:17:49:36 +0000] "POST /upload HTTP/1.1" 200 70 "-" "Dart/2.13 (dart:io)"
202.28.250.102 - - [12/Mar/2021:17:49:37 +0000] "POST /upload HTTP/1.1" 500 290 "-" "Dart/2.13 (dart:io)"
202.28.250.102 - - [12/Mar/2021:17:54:31 +0000] "POST /upload HTTP/1.1" 200 70 "-" "Dart/2.13 (dart:io)"
202.28.250.102 - - [12/Mar/2021:18:02:02 +0000] "POST /upload HTTP/1.1" 200 52 "-" "Dart/2.13 (dart:io)"
202.28.250.102 - - [12/Mar/2021:18:02:02 +0000] "POST /upload2 HTTP/1.1" 400 192 "-" "Dart/2.13 (dart:io)"
202.28.250.102 - - [12/Mar/2021:18:07:11 +0000] "POST /upload HTTP/1.1" 200 70 "-" "Dart/2.13 (dart:io)"
202.28.250.102 - - [12/Mar/2021:18:07:12 +0000] "POST /upload2 HTTP/1.1" 500 290 "-" "Dart/2.13 (dart:io)"
202.28.250.112 - - [12/Mar/2021:18:08:43 +0000] "POST /test HTTP/1.1" 200 38 "-" "PostmanRuntime/7.26.10"
202.28.250.102 - - [12/Mar/2021:18:12:00 +0000] "POST /test HTTP/1.1" 200 38 "-" "Dart/2.13 (dart:io)"
202.28.250.102 - - [12/Mar/2021:18:22:24 +0000] "POST /upload HTTP/1.1" 200 70 "-" "Dart/2.13 (dart:io)"
202.28.250.102 - - [12/Mar/2021:18:22:24 +0000] "POST /test HTTP/1.1" 500 290 "-" "Dart/2.13 (dart:io)"
202.28.250.102 - - [12/Mar/2021:18:23:11 +0000] "POST /test HTTP/1.1" 200 38 "-" "Dart/2.13 (dart:io)"
36.71.234.201 - - [12/Mar/2021:21:02:27 +0000] "POST /_ignition/execute-solution HTTP/1.1" 404 232 "-" "Mozilla/5.0 (Windows NT 6.1; Win64; x64) AppleWebKit/537.36 (KHTML, like Gecko) Chrome/86.0.4240.111 Safari/537.36"
34.77.162.33 - - [13/Mar/2021:00:53:58 +0000] "GET / HTTP/1.1" 200 337 "-" "Expanse indexes the network perimeters of our customers. If you have any questions or concerns, please reach out to: scaninfo@expanseinc.com"
223.223.200.17 - - [13/Mar/2021:01:41:52 +0000] "POST /_ignition/execute-solution HTTP/1.1" 404 232 "-" "Mozilla/5.0 (Windows NT 6.1; Win64; x64) AppleWebKit/537.36 (KHTML, like Gecko) Chrome/86.0.4240.111 Safari/537.36"
78.187.128.10 - - [13/Mar/2021:03:32:02 +0000] "GET / HTTP/1.0" 200 337 "-" "-"
119.205.217.37 - - [13/Mar/2021:04:54:28 +0000] "POST /_ignition/execute-solution HTTP/1.1" 404 232 "-" "Mozilla/5.0 (Windows NT 6.1; Win64; x64) AppleWebKit/537.36 (KHTML, like Gecko) Chrome/86.0.4240.111 Safari/537.36"
128.14.209.146 - - [13/Mar/2021:04:54:28 +0000] "GET / HTTP/1.1" 200 337 "-" "Mozilla/5.0 (Windows NT 10.0; WOW64) AppleWebKit/537.36 (KHTML, like Gecko) Chrome/66.0.3359.117 Safari/537.36"
34.77.162.23 - - [13/Mar/2021:05:37:16 +0000] "GET / HTTP/1.1" 200 337 "-" "Expanse indexes the network perimeters of our customers. If you have any questions or concerns, please reach out to: scaninfo@expanseinc.com"
74.120.14.38 - - [13/Mar/2021:06:59:46 +0000] "GET / HTTP/1.1" 200 337 "-" "-"
74.120.14.38 - - [13/Mar/2021:06:59:47 +0000] "GET / HTTP/1.1" 200 337 "-" "Mozilla/5.0 (compatible; CensysInspect/1.1; +https://about.censys.io/)"
103.68.62.108 - - [13/Mar/2021:07:27:32 +0000] "POST /_ignition/execute-solution HTTP/1.1" 404 232 "-" "Mozilla/5.0 (Windows NT 6.1; Win64; x64) AppleWebKit/537.36 (KHTML, like Gecko) Chrome/86.0.4240.111 Safari/537.36"
167.248.133.53 - - [13/Mar/2021:09:03:33 +0000] "GET / HTTP/1.1" 200 337 "-" "-"
167.248.133.53 - - [13/Mar/2021:09:03:33 +0000] "GET / HTTP/1.1" 200 337 "-" "Mozilla/5.0 (compatible; CensysInspect/1.1; +https://about.censys.io/)"
18.140.75.206 - - [13/Mar/2021:09:46:39 +0000] "POST /_ignition/execute-solution HTTP/1.1" 404 232 "-" "Mozilla/5.0 (Windows NT 6.1; Win64; x64) AppleWebKit/537.36 (KHTML, like Gecko) Chrome/86.0.4240.111 Safari/537.36"
52.227.65.129 - - [13/Mar/2021:09:56:40 +0000] "POST /_ignition/execute-solution HTTP/1.1" 404 232 "-" "Mozilla/5.0 (Windows NT 6.1; Win64; x64) AppleWebKit/537.36 (KHTML, like Gecko) Chrome/86.0.4240.111 Safari/537.36"
198.199.88.66 - - [13/Mar/2021:15:18:48 +0000] "POST /_ignition/execute-solution HTTP/1.1" 404 232 "-" "Mozilla/5.0 (Windows NT 6.1; Win64; x64) AppleWebKit/537.36 (KHTML, like Gecko) Chrome/86.0.4240.111 Safari/537.36"
203.150.155.92 - - [13/Mar/2021:18:48:58 +0000] "GET / HTTP/1.1" 200 337 "-" "Mozilla/5.0 (Windows NT 10.0; Win64; x64) AppleWebKit/537.36 (KHTML, like Gecko) Chrome/89.0.4389.82 Safari/537.36"
203.150.155.92 - - [13/Mar/2021:18:48:59 +0000] "GET /favicon.ico HTTP/1.1" 404 232 "http://192.46.230.251:8000/" "Mozilla/5.0 (Windows NT 10.0; Win64; x64) AppleWebKit/537.36 (KHTML, like Gecko) Chrome/89.0.4389.82 Safari/537.36"
203.150.155.92 - - [13/Mar/2021:19:02:26 +0000] "GET / HTTP/1.1" 200 337 "-" "Mozilla/5.0 (Windows NT 10.0; Win64; x64) AppleWebKit/537.36 (KHTML, like Gecko) Chrome/89.0.4389.82 Safari/537.36"
203.150.155.92 - - [13/Mar/2021:19:08:28 +0000] "GET / HTTP/1.1" 200 337 "-" "Mozilla/5.0 (Windows NT 10.0; Win64; x64) AppleWebKit/537.36 (KHTML, like Gecko) Chrome/89.0.4389.82 Safari/537.36"
203.150.155.92 - - [13/Mar/2021:19:08:33 +0000] "GET / HTTP/1.1" 200 337 "-" "Mozilla/5.0 (Windows NT 10.0; Win64; x64) AppleWebKit/537.36 (KHTML, like Gecko) Chrome/89.0.4389.82 Safari/537.36"
203.150.155.92 - - [13/Mar/2021:19:09:50 +0000] "GET / HTTP/1.1" 200 337 "-" "Mozilla/5.0 (Windows NT 10.0; Win64; x64) AppleWebKit/537.36 (KHTML, like Gecko) Chrome/89.0.4389.82 Safari/537.36"
203.150.155.92 - - [13/Mar/2021:19:09:56 +0000] "GET / HTTP/1.1" 200 337 "-" "Mozilla/5.0 (Windows NT 10.0; Win64; x64) AppleWebKit/537.36 (KHTML, like Gecko) Chrome/89.0.4389.82 Safari/537.36"
184.105.139.68 - - [13/Mar/2021:19:31:24 +0000] "GET / HTTP/1.1" 200 337 "-" "-"
203.150.155.92 - - [13/Mar/2021:19:53:27 +0000] "GET / HTTP/1.1" 200 337 "-" "Mozilla/5.0 (Windows NT 10.0; Win64; x64) AppleWebKit/537.36 (KHTML, like Gecko) Chrome/89.0.4389.82 Safari/537.36"
203.150.155.92 - - [13/Mar/2021:19:53:27 +0000] "GET /favicon.ico HTTP/1.1" 404 232 "http://192.46.230.251:8000/" "Mozilla/5.0 (Windows NT 10.0; Win64; x64) AppleWebKit/537.36 (KHTML, like Gecko) Chrome/89.0.4389.82 Safari/537.36"
77.222.60.29 - - [13/Mar/2021:20:55:07 +0000] "POST /_ignition/execute-solution HTTP/1.1" 404 232 "-" "Mozilla/5.0 (Windows NT 6.1; Win64; x64) AppleWebKit/537.36 (KHTML, like Gecko) Chrome/86.0.4240.111 Safari/537.36"
92.118.160.33 - - [13/Mar/2021:20:55:07 +0000] "GET / HTTP/1.1" 200 337 "-" "NetSystemsResearch studies the availability of various services across the internet. Our website is netsystemsresearch.com"
172.104.92.166 - - [14/Mar/2021:00:33:41 +0000] "GET / HTTP/1.1" 200 337 "-" "HTTP Banner Detection (https://security.ipip.net)"
152.67.1.59 - - [14/Mar/2021:03:46:22 +0000] "POST /_ignition/execute-solution HTTP/1.1" 404 232 "-" "Mozilla/5.0 (Windows NT 6.1; Win64; x64) AppleWebKit/537.36 (KHTML, like Gecko) Chrome/86.0.4240.111 Safari/537.36"
120.25.179.147 - - [14/Mar/2021:04:07:41 +0000] "POST /_ignition/execute-solution HTTP/1.1" 404 232 "-" "Mozilla/5.0 (Windows NT 6.1; Win64; x64) AppleWebKit/537.36 (KHTML, like Gecko) Chrome/86.0.4240.111 Safari/537.36"
85.106.2.172 - - [14/Mar/2021:04:09:52 +0000] "GET / HTTP/1.0" 200 337 "-" "-"
139.162.79.87 - - [14/Mar/2021:06:18:53 +0000] "GET / HTTP/1.1" 200 337 "-" "Mozilla/5.0"
65.49.20.69 - - [14/Mar/2021:12:03:06 +0000] "GET / HTTP/1.1" 200 337 "-" "-"
165.227.99.89 - - [14/Mar/2021:17:55:13 +0000] "GET / HTTP/1.0" 200 337 "-" "-"
218.77.50.211 - - [14/Mar/2021:23:11:20 +0000] "POST /_ignition/execute-solution HTTP/1.1" 404 232 "-" "Mozilla/5.0 (Windows NT 6.1; Win64; x64) AppleWebKit/537.36 (KHTML, like Gecko) Chrome/86.0.4240.111 Safari/537.36"
49.230.245.145 - - [15/Mar/2021:10:40:21 +0000] "POST /upload HTTP/1.1" 500 290 "-" "Dart/2.13 (dart:io)"
49.230.245.145 - - [15/Mar/2021:10:40:57 +0000] "POST /upload HTTP/1.1" 500 290 "-" "Dart/2.13 (dart:io)"
49.230.245.145 - - [15/Mar/2021:10:41:40 +0000] "POST /upload HTTP/1.1" 500 290 "-" "Dart/2.13 (dart:io)"
182.232.126.228 - - [15/Mar/2021:11:49:36 +0000] "POST /upload HTTP/1.1" 500 290 "-" "Dart/2.13 (dart:io)"
182.232.126.228 - - [15/Mar/2021:11:49:50 +0000] "POST /upload HTTP/1.1" 500 290 "-" "Dart/2.13 (dart:io)"
182.232.126.228 - - [15/Mar/2021:12:22:38 +0000] "POST /upload HTTP/1.1" 500 290 "-" "Dart/2.13 (dart:io)"
222.186.136.150 - - [15/Mar/2021:16:45:05 +0000] "GET http://fuwu.sogou.com/404/index.html HTTP/1.1" 404 232 "-" "Mozilla/5.0 (Windows; U; Windows NT 5.1; en-US) AppleWebKit/525.13 (KHTML, like Gecko) Chrome/7.0.0 Safari/700.13"
222.186.136.150 - - [15/Mar/2021:16:45:05 +0000] "GET http://fuwu.sogou.com/404/index.html HTTP/1.1" 404 232 "-" "Mozilla/5.0 (Windows; U; Windows NT 6.1; en-US) AppleWebKit/532.5 (KHTML, like Gecko) Chrome/4.0.246.0 Safari/532.5"
139.162.79.87 - - [15/Mar/2021:17:37:00 +0000] "GET / HTTP/1.1" 200 337 "-" "Mozilla/5.0"
49.230.240.62 - - [15/Mar/2021:17:45:13 +0000] "POST /upload HTTP/1.1" 500 290 "-" "Dart/2.13 (dart:io)"
203.150.155.92 - - [15/Mar/2021:18:03:50 +0000] "GET / HTTP/1.1" 200 337 "-" "Mozilla/5.0 (Windows NT 10.0; Win64; x64) AppleWebKit/537.36 (KHTML, like Gecko) Chrome/89.0.4389.82 Safari/537.36"
203.150.155.92 - - [15/Mar/2021:18:03:53 +0000] "GET /favicon.ico HTTP/1.1" 404 232 "http://192.46.230.251:8000/" "Mozilla/5.0 (Windows NT 10.0; Win64; x64) AppleWebKit/537.36 (KHTML, like Gecko) Chrome/89.0.4389.82 Safari/537.36"
203.150.155.92 - - [15/Mar/2021:18:06:12 +0000] "GET / HTTP/1.1" 200 337 "-" "Mozilla/5.0 (Windows NT 10.0; Win64; x64) AppleWebKit/537.36 (KHTML, like Gecko) Chrome/89.0.4389.82 Safari/537.36"
203.150.155.92 - - [15/Mar/2021:18:06:12 +0000] "GET /favicon.ico HTTP/1.1" 404 232 "http://192.46.230.251:8000/" "Mozilla/5.0 (Windows NT 10.0; Win64; x64) AppleWebKit/537.36 (KHTML, like Gecko) Chrome/89.0.4389.82 Safari/537.36"
203.150.155.92 - - [15/Mar/2021:18:07:14 +0000] "POST /upload HTTP/1.1" 500 290 "http://192.46.230.251:8000/" "Mozilla/5.0 (Windows NT 10.0; Win64; x64) AppleWebKit/537.36 (KHTML, like Gecko) Chrome/89.0.4389.82 Safari/537.36"
203.150.155.92 - - [15/Mar/2021:18:08:48 +0000] "GET / HTTP/1.1" 200 337 "-" "Mozilla/5.0 (Windows NT 10.0; Win64; x64) AppleWebKit/537.36 (KHTML, like Gecko) Chrome/89.0.4389.82 Safari/537.36"
49.230.240.62 - - [15/Mar/2021:18:26:16 +0000] "POST /upload HTTP/1.1" 200 76 "-" "Dart/2.13 (dart:io)"
49.230.241.112 - - [15/Mar/2021:18:45:23 +0000] "POST /upload HTTP/1.1" 200 70 "-" "Dart/2.13 (dart:io)"
49.230.241.112 - - [15/Mar/2021:18:50:48 +0000] "POST /upload HTTP/1.1" 500 290 "-" "Dart/2.13 (dart:io)"
49.230.241.112 - - [15/Mar/2021:18:51:57 +0000] "POST /upload HTTP/1.1" 500 290 "-" "Dart/2.13 (dart:io)"
49.230.241.112 - - [15/Mar/2021:18:52:08 +0000] "POST /upload HTTP/1.1" 500 290 "-" "Dart/2.13 (dart:io)"
184.105.247.194 - - [15/Mar/2021:19:09:10 +0000] "GET / HTTP/1.1" 200 337 "-" "-"
49.230.241.112 - - [15/Mar/2021:19:42:11 +0000] "POST /upload2 HTTP/1.1" 404 232 "-" "Dart/2.13 (dart:io)"
74.120.14.56 - - [15/Mar/2021:20:47:03 +0000] "GET / HTTP/1.1" 200 337 "-" "Mozilla/5.0 (compatible; CensysInspect/1.1; +https://about.censys.io/)"
87.241.138.194 - - [15/Mar/2021:20:57:09 +0000] "GET / HTTP/1.0" 200 337 "-" "-"
172.104.92.166 - - [15/Mar/2021:22:28:10 +0000] "GET / HTTP/1.1" 200 337 "-" "HTTP Banner Detection (https://security.ipip.net)"
185.173.35.57 - - [15/Mar/2021:22:40:47 +0000] "GET / HTTP/1.1" 200 337 "-" "NetSystemsResearch studies the availability of various services across the internet. Our website is netsystemsresearch.com"
162.142.125.38 - - [15/Mar/2021:23:21:02 +0000] "GET / HTTP/1.1" 200 337 "-" "-"
162.142.125.38 - - [15/Mar/2021:23:21:03 +0000] "GET / HTTP/1.1" 200 337 "-" "Mozilla/5.0 (compatible; CensysInspect/1.1; +https://about.censys.io/)"
203.150.155.92 - - [16/Mar/2021:06:20:43 +0000] "GET /favicon.ico HTTP/1.1" 404 232 "http://192.46.230.251:8000/" "Mozilla/5.0 (Windows NT 10.0; Win64; x64) AppleWebKit/537.36 (KHTML, like Gecko) Chrome/89.0.4389.82 Safari/537.36"
49.230.240.222 - - [16/Mar/2021:07:10:23 +0000] "POST /upload2 HTTP/1.1" 404 232 "-" "Dart/2.13 (dart:io)"
49.230.240.222 - - [16/Mar/2021:07:10:26 +0000] "POST /upload2 HTTP/1.1" 404 232 "-" "Dart/2.13 (dart:io)"
49.230.240.222 - - [16/Mar/2021:07:12:13 +0000] "POST /upload2 HTTP/1.1" 404 232 "-" "Dart/2.13 (dart:io)"
49.230.247.88 - - [16/Mar/2021:08:56:33 +0000] "POST /upload2 HTTP/1.1" 404 232 "-" "Dart/2.13 (dart:io)"
34.77.162.16 - - [16/Mar/2021:09:24:32 +0000] "GET / HTTP/1.1" 200 337 "-" "Expanse indexes the network perimeters of our customers. If you have any questions or concerns, please reach out to: scaninfo@expanseinc.com"
49.230.247.88 - - [16/Mar/2021:09:25:23 +0000] "POST /upload2 HTTP/1.1" 404 232 "-" "Dart/2.13 (dart:io)"
49.230.247.88 - - [16/Mar/2021:09:25:25 +0000] "POST /upload2 HTTP/1.1" 404 232 "-" "Dart/2.13 (dart:io)"
49.230.247.149 - - [16/Mar/2021:09:29:38 +0000] "POST /upload2 HTTP/1.1" 404 232 "-" "Dart/2.13 (dart:io)"
49.230.247.149 - - [16/Mar/2021:09:31:37 +0000] "POST /upload2 HTTP/1.1" 404 232 "-" "Dart/2.13 (dart:io)"
49.230.247.149 - - [16/Mar/2021:09:33:52 +0000] "POST /upload2 HTTP/1.1" 404 232 "-" "Dart/2.13 (dart:io)"
49.230.247.149 - - [16/Mar/2021:09:34:37 +0000] "POST /upload2 HTTP/1.1" 404 232 "-" "Dart/2.13 (dart:io)"
49.230.247.149 - - [16/Mar/2021:09:36:56 +0000] "POST /upload2 HTTP/1.1" 404 232 "-" "Dart/2.13 (dart:io)"
49.230.247.149 - - [16/Mar/2021:09:36:57 +0000] "POST /upload2 HTTP/1.1" 404 232 "-" "Dart/2.13 (dart:io)"
49.230.247.165 - - [16/Mar/2021:09:40:22 +0000] "POST /upload2 HTTP/1.1" 404 232 "-" "Dart/2.13 (dart:io)"
202.28.250.103 - - [16/Mar/2021:09:42:25 +0000] "GET / HTTP/1.1" 200 337 "-" "Mozilla/5.0 (Windows NT 10.0; Win64; x64) AppleWebKit/537.36 (KHTML, like Gecko) Chrome/89.0.4389.82 Safari/537.36"
202.28.250.103 - - [16/Mar/2021:09:42:25 +0000] "GET /favicon.ico HTTP/1.1" 404 232 "http://192.46.230.251:8000/" "Mozilla/5.0 (Windows NT 10.0; Win64; x64) AppleWebKit/537.36 (KHTML, like Gecko) Chrome/89.0.4389.82 Safari/537.36"
202.28.250.103 - - [16/Mar/2021:09:43:59 +0000] "GET / HTTP/1.1" 200 337 "-" "Mozilla/5.0 (Windows NT 10.0; Win64; x64) AppleWebKit/537.36 (KHTML, like Gecko) Chrome/89.0.4389.82 Safari/537.36"
49.230.247.160 - - [16/Mar/2021:09:44:42 +0000] "POST /upload2 HTTP/1.1" 404 232 "-" "Dart/2.13 (dart:io)"
49.230.247.160 - - [16/Mar/2021:09:48:39 +0000] "POST /upload2 HTTP/1.1" 404 232 "-" "Dart/2.13 (dart:io)"
49.230.247.160 - - [16/Mar/2021:09:54:59 +0000] "POST /test HTTP/1.1" 200 38 "-" "Dart/2.13 (dart:io)"
49.230.247.160 - - [16/Mar/2021:09:57:35 +0000] "POST /test HTTP/1.1" 200 38 "-" "Dart/2.13 (dart:io)"
49.230.247.160 - - [16/Mar/2021:09:57:35 +0000] "POST /test HTTP/1.1" 200 38 "-" "Dart/2.13 (dart:io)"
49.230.247.160 - - [16/Mar/2021:09:58:40 +0000] "POST /test HTTP/1.1" 200 38 "-" "Dart/2.13 (dart:io)"
49.230.247.160 - - [16/Mar/2021:10:01:18 +0000] "POST /test HTTP/1.1" 200 38 "-" "Dart/2.13 (dart:io)"
49.230.247.160 - - [16/Mar/2021:10:02:18 +0000] "POST /test HTTP/1.1" 200 38 "-" "Dart/2.13 (dart:io)"
49.230.247.160 - - [16/Mar/2021:10:05:48 +0000] "POST /test HTTP/1.1" 200 38 "-" "Dart/2.13 (dart:io)"
49.230.247.160 - - [16/Mar/2021:10:07:45 +0000] "POST /test HTTP/1.1" 200 38 "-" "Dart/2.13 (dart:io)"
49.230.247.160 - - [16/Mar/2021:10:10:09 +0000] "POST /test HTTP/1.1" 200 38 "-" "Dart/2.13 (dart:io)"
49.230.247.160 - - [16/Mar/2021:10:10:11 +0000] "POST /test HTTP/1.1" 200 38 "-" "Dart/2.13 (dart:io)"
49.230.247.160 - - [16/Mar/2021:10:10:36 +0000] "POST /test HTTP/1.1" 200 38 "-" "Dart/2.13 (dart:io)"
49.230.247.160 - - [16/Mar/2021:10:10:49 +0000] "POST /test HTTP/1.1" 200 38 "-" "Dart/2.13 (dart:io)"
49.230.247.160 - - [16/Mar/2021:10:11:35 +0000] "POST /test HTTP/1.1" 200 38 "-" "Dart/2.13 (dart:io)"
49.230.247.160 - - [16/Mar/2021:10:11:59 +0000] "POST /test HTTP/1.1" 200 38 "-" "Dart/2.13 (dart:io)"
49.230.247.160 - - [16/Mar/2021:10:13:18 +0000] "POST /test HTTP/1.1" 200 38 "-" "Dart/2.13 (dart:io)"
49.230.247.160 - - [16/Mar/2021:10:14:24 +0000] "POST /test HTTP/1.1" 200 38 "-" "Dart/2.13 (dart:io)"
49.230.247.160 - - [16/Mar/2021:10:14:57 +0000] "POST /test HTTP/1.1" 200 38 "-" "Dart/2.13 (dart:io)"
49.230.247.160 - - [16/Mar/2021:10:17:40 +0000] "POST /test HTTP/1.1" 200 38 "-" "Dart/2.13 (dart:io)"
49.230.247.160 - - [16/Mar/2021:10:18:13 +0000] "POST /test HTTP/1.1" 200 38 "-" "Dart/2.13 (dart:io)"
49.230.247.160 - - [16/Mar/2021:10:18:53 +0000] "POST /test HTTP/1.1" 200 38 "-" "Dart/2.13 (dart:io)"
49.230.247.160 - - [16/Mar/2021:10:19:30 +0000] "POST /test HTTP/1.1" 200 38 "-" "Dart/2.13 (dart:io)"
49.230.247.160 - - [16/Mar/2021:10:25:49 +0000] "POST /test HTTP/1.1" 200 38 "-" "Dart/2.13 (dart:io)"
88.249.85.229 - - [16/Mar/2021:16:30:14 +0000] "GET / HTTP/1.0" 200 337 "-" "-"
49.230.247.178 - - [16/Mar/2021:16:41:57 +0000] "POST /test HTTP/1.1" 200 38 "-" "Dart/2.13 (dart:io)"
49.230.247.178 - - [16/Mar/2021:16:42:51 +0000] "POST /test HTTP/1.1" 200 38 "-" "Dart/2.13 (dart:io)"
49.230.247.178 - - [16/Mar/2021:16:44:11 +0000] "POST /test HTTP/1.1" 200 38 "-" "Dart/2.13 (dart:io)"
49.230.242.196 - - [16/Mar/2021:17:10:11 +0000] "POST /test HTTP/1.1" 200 38 "-" "Dart/2.13 (dart:io)"
49.230.242.196 - - [16/Mar/2021:17:18:09 +0000] "POST /test HTTP/1.1" 200 38 "-" "Dart/2.13 (dart:io)"
49.230.242.196 - - [16/Mar/2021:17:19:09 +0000] "POST /test HTTP/1.1" 200 38 "-" "Dart/2.13 (dart:io)"
49.230.242.196 - - [16/Mar/2021:17:20:20 +0000] "POST /test HTTP/1.1" 200 38 "-" "Dart/2.13 (dart:io)"
49.230.242.196 - - [16/Mar/2021:17:20:30 +0000] "POST /test HTTP/1.1" 200 38 "-" "Dart/2.13 (dart:io)"
184.105.139.68 - - [16/Mar/2021:18:30:38 +0000] "GET / HTTP/1.1" 200 337 "-" "-"
5.178.86.76 - - [16/Mar/2021:19:54:02 +0000] "POST http://check.best-proxies.ru/azenv.php?s=VIVJVXOONXTETOPCPBKETEMETXORYR HTTP/1.1" 404 232 "https://best-proxies.ru/" "Mozilla/5.0 (Macintosh; Intel Mac OS X 10_14_5) AppleWebKit/605.1.15 (KHTML, like Gecko) Version/13.1.1 Safari/605.1.15"
5.178.86.74 - - [16/Mar/2021:19:54:07 +0000] "CONNECT 5.178.86.76:80 HTTP/1.1" 404 232 "-" "-"
139.224.123.84 - - [16/Mar/2021:20:06:02 +0000] "POST /_ignition/execute-solution HTTP/1.1" 404 232 "-" "Mozilla/5.0 (Windows NT 6.1; Win64; x64) AppleWebKit/537.36 (KHTML, like Gecko) Chrome/86.0.4240.111 Safari/537.36"
182.232.122.174 - - [16/Mar/2021:20:40:56 +0000] "POST /test HTTP/1.1" 200 38 "-" "Dart/2.13 (dart:io)"
182.232.122.174 - - [16/Mar/2021:20:42:03 +0000] "POST /test HTTP/1.1" 200 38 "-" "Dart/2.13 (dart:io)"
182.232.122.174 - - [16/Mar/2021:20:42:14 +0000] "POST /test HTTP/1.1" 200 38 "-" "Dart/2.13 (dart:io)"
182.232.122.174 - - [16/Mar/2021:20:55:30 +0000] "POST /test HTTP/1.1" 200 38 "-" "Dart/2.13 (dart:io)"
5.178.86.76 - - [16/Mar/2021:21:14:03 +0000] "POST http://check.best-proxies.ru/azenv.php?s=VIVJVXOONXTETOPCPXPNPETXTXORYR HTTP/1.1" 404 232 "https://best-proxies.ru/" "Mozilla/5.0 (Windows NT 10.0; Win64; x64) AppleWebKit/537.36 (KHTML, like Gecko) Chrome/86.0.4240.75 Safari/537.36"
5.178.86.78 - - [16/Mar/2021:21:14:08 +0000] "CONNECT 5.178.86.76:80 HTTP/1.1" 404 232 "-" "-"
182.232.122.174 - - [16/Mar/2021:21:42:00 +0000] "POST /test HTTP/1.1" 200 38 "-" "Dart/2.13 (dart:io)"
167.248.133.54 - - [17/Mar/2021:01:06:05 +0000] "GET / HTTP/1.1" 200 337 "-" "-"
167.248.133.54 - - [17/Mar/2021:01:06:05 +0000] "GET / HTTP/1.1" 200 337 "-" "Mozilla/5.0 (compatible; CensysInspect/1.1; +https://about.censys.io/)"
5.178.86.76 - - [17/Mar/2021:01:52:22 +0000] "POST http://check.best-proxies.ru/azenv.php?s=VIVJVXOONXTETOPCPOPXIENBMXORYR HTTP/1.1" 404 232 "https://best-proxies.ru/" "Mozilla/5.0 (Windows NT 6.1; Win64; x64) AppleWebKit/537.36 (KHTML, like Gecko) Chrome/86.0.4240.75 Safari/537.36"
5.178.86.74 - - [17/Mar/2021:01:52:27 +0000] "CONNECT 5.178.86.76:80 HTTP/1.1" 404 232 "-" "-"
5.178.86.74 - - [17/Mar/2021:02:20:02 +0000] "POST http://check.best-proxies.ru/azenv.php?s=VIVJVXOONXTETOPCPDONTIYNMXORYR HTTP/1.1" 404 232 "https://best-proxies.ru/" "Mozilla/5.0 (Windows NT 10.0; Win64; x64) AppleWebKit/537.36 (KHTML, like Gecko) Chrome/85.0.4183.121 Safari/537.36 OPR/71.0.3770.271"
5.178.86.76 - - [17/Mar/2021:02:20:07 +0000] "CONNECT 5.178.86.76:80 HTTP/1.1" 404 232 "-" "-"
34.77.162.14 - - [17/Mar/2021:02:37:04 +0000] "GET / HTTP/1.1" 200 337 "-" "Expanse indexes the network perimeters of our customers. If you have any questions or concerns, please reach out to: scaninfo@expanseinc.com"
78.186.211.247 - - [17/Mar/2021:02:51:47 +0000] "GET / HTTP/1.0" 200 337 "-" "-"
202.28.250.107 - - [17/Mar/2021:06:39:48 +0000] "GET / HTTP/1.1" 200 337 "-" "Mozilla/5.0 (Windows NT 10.0; Win64; x64) AppleWebKit/537.36 (KHTML, like Gecko) Chrome/89.0.4389.90 Safari/537.36"
202.28.250.107 - - [17/Mar/2021:06:39:49 +0000] "GET /favicon.ico HTTP/1.1" 404 232 "http://192.46.230.251:8000/" "Mozilla/5.0 (Windows NT 10.0; Win64; x64) AppleWebKit/537.36 (KHTML, like Gecko) Chrome/89.0.4389.90 Safari/537.36"
182.232.121.158 - - [17/Mar/2021:06:40:13 +0000] "POST /upload HTTP/1.1" 500 290 "-" "Dart/2.13 (dart:io)"
34.77.162.21 - - [17/Mar/2021:07:02:11 +0000] "GET / HTTP/1.1" 200 337 "-" "Expanse indexes the network perimeters of our customers. If you have any questions or concerns, please reach out to: scaninfo@expanseinc.com"
182.232.122.119 - - [17/Mar/2021:07:21:42 +0000] "POST /test HTTP/1.1" 200 38 "-" "Dart/2.13 (dart:io)"
182.232.122.119 - - [17/Mar/2021:07:22:34 +0000] "POST /upload HTTP/1.1" 500 290 "-" "Dart/2.13 (dart:io)"
202.28.250.87 - - [17/Mar/2021:07:37:04 +0000] "POST /upload HTTP/1.1" 500 290 "-" "Dart/2.13 (dart:io)"
5.178.86.76 - - [17/Mar/2021:07:52:00 +0000] "POST http://check.best-proxies.ru/azenv.php?s=VIVJVXOONXTETOPCPDNJVOONYXORYR HTTP/1.1" 404 232 "https://best-proxies.ru/" "Mozilla/5.0 (Windows NT 10.0; Win64; x64) AppleWebKit/537.36 (KHTML, like Gecko) Chrome/85.0.4183.102 YaBrowser/20.9.2.80 Yowser/2.5 Safari/537.36"
5.178.86.78 - - [17/Mar/2021:07:52:05 +0000] "CONNECT 5.178.86.76:80 HTTP/1.1" 404 232 "-" "-"
202.28.250.87 - - [17/Mar/2021:07:52:07 +0000] "POST /upload HTTP/1.1" 500 290 "-" "Dart/2.13 (dart:io)"
202.28.250.87 - - [17/Mar/2021:07:58:53 +0000] "POST /upload HTTP/1.1" 500 290 "-" "Dart/2.13 (dart:io)"
5.178.86.76 - - [17/Mar/2021:08:05:47 +0000] "POST http://check.best-proxies.ru/azenv.php?s=VIVJVXOONXTETOPCPEPIKEPJYXORYR HTTP/1.1" 404 232 "https://best-proxies.ru/" "Mozilla/5.0 (Windows NT 10.0; Win64; x64) AppleWebKit/537.36 (KHTML, like Gecko) Chrome/86.0.4240.75 Safari/537.36"
5.178.86.74 - - [17/Mar/2021:08:05:52 +0000] "CONNECT 5.178.86.76:80 HTTP/1.1" 404 232 "-" "-"
202.28.250.87 - - [17/Mar/2021:08:24:40 +0000] "POST /upload HTTP/1.1" 200 76 "-" "Dart/2.13 (dart:io)"
202.28.250.87 - - [17/Mar/2021:08:32:19 +0000] "POST /upload HTTP/1.1" 200 76 "-" "Dart/2.13 (dart:io)"
5.178.86.76 - - [17/Mar/2021:13:52:17 +0000] "POST http://check.best-proxies.ru/azenv.php?s=VIVJVXOONXTETOPCPBKRKDIXUXORYR HTTP/1.1" 404 232 "https://best-proxies.ru/" "Mozilla/5.0 (Windows NT 10.0; Win64; x64) AppleWebKit/537.36 (KHTML, like Gecko) Chrome/85.0.4183.102 YaBrowser/20.9.2.80 Yowser/2.5 Safari/537.36"
5.178.86.78 - - [17/Mar/2021:13:52:22 +0000] "CONNECT 5.178.86.76:80 HTTP/1.1" 404 232 "-" "-"
5.178.86.74 - - [17/Mar/2021:13:53:23 +0000] "POST http://check.best-proxies.ru/azenv.php?s=VIVJVXOONXTETOPCPXKXPITXUXORYR HTTP/1.1" 404 232 "https://best-proxies.ru/" "Mozilla/5.0 (Windows NT 6.1; Win64; x64) AppleWebKit/537.36 (KHTML, like Gecko) Chrome/86.0.4240.75 Safari/537.36"
5.178.86.76 - - [17/Mar/2021:13:53:28 +0000] "CONNECT 5.178.86.76:80 HTTP/1.1" 404 232 "-" "-"
89.248.165.119 - - [17/Mar/2021:15:46:17 +0000] "CONNECT hotmail-com.olc.protection.outlook.com:25 HTTP/1.1" 404 232 "-" "-"
74.120.14.56 - - [17/Mar/2021:15:54:36 +0000] "GET / HTTP/1.1" 200 337 "-" "-"
74.120.14.56 - - [17/Mar/2021:15:54:36 +0000] "GET / HTTP/1.1" 200 337 "-" "Mozilla/5.0 (compatible; CensysInspect/1.1; +https://about.censys.io/)"
5.178.86.76 - - [17/Mar/2021:16:52:36 +0000] "POST http://check.best-proxies.ru/azenv.php?s=VIVJVXOONXTETOPCPDPUYBNXNXORYR HTTP/1.1" 404 232 "https://best-proxies.ru/" "Mozilla/5.0 (Windows NT 10.0; Win64; x64) AppleWebKit/537.36 (KHTML, like Gecko) Chrome/85.0.4183.102 YaBrowser/20.9.2.80 Yowser/2.5 Safari/537.36"
5.178.86.78 - - [17/Mar/2021:16:52:41 +0000] "CONNECT 5.178.86.76:80 HTTP/1.1" 404 232 "-" "-"
5.178.86.76 - - [17/Mar/2021:16:53:43 +0000] "POST http://check.best-proxies.ru/azenv.php?s=VIVJVXOONXTETOPCPNKOPOVIVIYRYR HTTP/1.1" 404 232 "https://best-proxies.ru/" "Mozilla/5.0 (Windows NT 10.0; Win64; x64) AppleWebKit/537.36 (KHTML, like Gecko) Chrome/85.0.4183.121 Safari/537.36 OPR/71.0.3770.271"
5.178.86.78 - - [17/Mar/2021:16:53:48 +0000] "CONNECT 5.178.86.76:80 HTTP/1.1" 404 232 "-" "-"
184.105.247.195 - - [17/Mar/2021:19:21:54 +0000] "GET / HTTP/1.1" 200 337 "-" "-"
85.119.151.251 - - [17/Mar/2021:19:52:38 +0000] "POST http://check.best-proxies.ru/azenv.php?s=VIVJVXOONXTETOPCPXIXUBKIIIYRYR HTTP/1.1" 404 232 "https://best-proxies.ru/" "Mozilla/5.0 (Windows NT 10.0; Win64; x64) AppleWebKit/537.36 (KHTML, like Gecko) Chrome/85.0.4183.121 Safari/537.36 OPR/71.0.3770.271"
85.119.151.252 - - [17/Mar/2021:19:52:43 +0000] "CONNECT 5.178.86.76:80 HTTP/1.1" 404 232 "-" "-"
85.119.151.252 - - [17/Mar/2021:19:58:02 +0000] "POST http://check.best-proxies.ru/azenv.php?s=VIVJVXOONXTETOPCPEPUTJVRIIYRYR HTTP/1.1" 404 232 "https://best-proxies.ru/" "Mozilla/5.0 (Windows NT 10.0; Win64; x64) AppleWebKit/537.36 (KHTML, like Gecko) Chrome/85.0.4183.121 Safari/537.36 OPR/71.0.3770.271"
85.119.151.252 - - [17/Mar/2021:19:58:07 +0000] "CONNECT 5.178.86.76:80 HTTP/1.1" 404 232 "-" "-"
85.119.151.254 - - [17/Mar/2021:22:51:56 +0000] "POST http://check.best-proxies.ru/azenv.php?s=VIVJVXOONXTETOPCPBKNYRORTIYRYR HTTP/1.1" 404 232 "https://best-proxies.ru/" "Mozilla/5.0 (Windows NT 6.1; Win64; x64) AppleWebKit/537.36 (KHTML, like Gecko) Chrome/86.0.4240.75 Safari/537.36"
85.119.151.253 - - [17/Mar/2021:22:52:01 +0000] "CONNECT 5.178.86.76:80 HTTP/1.1" 404 232 "-" "-"
85.119.151.254 - - [17/Mar/2021:22:52:40 +0000] "POST http://check.best-proxies.ru/azenv.php?s=VIVJVXOONXTETOPCPJKNVUORTIYRYR HTTP/1.1" 404 232 "https://best-proxies.ru/" "Mozilla/5.0 (Windows NT 6.1; Win64; x64) AppleWebKit/537.36 (KHTML, like Gecko) Chrome/86.0.4240.75 Safari/537.36"
85.119.151.251 - - [17/Mar/2021:22:52:45 +0000] "CONNECT 5.178.86.76:80 HTTP/1.1" 404 232 "-" "-"
89.248.165.119 - - [17/Mar/2021:23:16:18 +0000] "CONNECT hotmail-com.olc.protection.outlook.com:25 HTTP/1.1" 404 232 "-" "-"
39.106.221.241 - - [17/Mar/2021:23:21:48 +0000] "POST /_ignition/execute-solution HTTP/1.1" 404 232 "-" "Mozilla/5.0 (Windows NT 6.1; Win64; x64) AppleWebKit/537.36 (KHTML, like Gecko) Chrome/86.0.4240.111 Safari/537.36"
85.119.151.253 - - [18/Mar/2021:01:52:18 +0000] "POST http://check.best-proxies.ru/azenv.php?s=VIVJVXOONXTETOPCPIIXUDPOPIYRYR HTTP/1.1" 404 232 "https://best-proxies.ru/" "Mozilla/5.0 (Windows NT 6.1; Win64; x64) AppleWebKit/537.36 (KHTML, like Gecko) Chrome/86.0.4240.75 Safari/537.36"
85.119.151.252 - - [18/Mar/2021:01:52:23 +0000] "CONNECT 5.178.86.76:80 HTTP/1.1" 404 232 "-" "-"
85.119.151.253 - - [18/Mar/2021:02:12:01 +0000] "POST http://check.best-proxies.ru/azenv.php?s=VIVJVXOONXTETOPCPDIXIOODPIYRYR HTTP/1.1" 404 232 "https://best-proxies.ru/" "Mozilla/5.0 (Windows NT 10.0; Win64; x64) AppleWebKit/537.36 (KHTML, like Gecko) Chrome/85.0.4183.121 Safari/537.36 OPR/71.0.3770.271"
85.119.151.253 - - [18/Mar/2021:02:12:06 +0000] "CONNECT 5.178.86.76:80 HTTP/1.1" 404 232 "-" "-"
202.28.250.94 - - [18/Mar/2021:07:29:38 +0000] "GET / HTTP/1.1" 200 337 "-" "Mozilla/5.0 (Windows NT 10.0; Win64; x64) AppleWebKit/537.36 (KHTML, like Gecko) Chrome/89.0.4389.90 Safari/537.36"
202.28.250.94 - - [18/Mar/2021:07:29:39 +0000] "GET /favicon.ico HTTP/1.1" 404 232 "http://192.46.230.251:8000/" "Mozilla/5.0 (Windows NT 10.0; Win64; x64) AppleWebKit/537.36 (KHTML, like Gecko) Chrome/89.0.4389.90 Safari/537.36"
202.28.250.111 - - [18/Mar/2021:07:36:03 +0000] "POST /upload HTTP/1.1" 200 70 "-" "Dart/2.13 (dart:io)"
202.28.250.111 - - [18/Mar/2021:07:37:34 +0000] "POST /upload HTTP/1.1" 200 70 "-" "Dart/2.13 (dart:io)"
202.28.250.111 - - [18/Mar/2021:07:40:13 +0000] "POST /upload HTTP/1.1" 200 70 "-" "Dart/2.13 (dart:io)"
202.28.250.111 - - [18/Mar/2021:07:42:40 +0000] "POST /upload HTTP/1.1" 500 290 "-" "Dart/2.13 (dart:io)"
202.28.250.111 - - [18/Mar/2021:07:43:49 +0000] "POST /upload HTTP/1.1" 200 70 "-" "Dart/2.13 (dart:io)"
85.119.151.253 - - [18/Mar/2021:07:53:17 +0000] "POST http://check.best-proxies.ru/azenv.php?s=VIVJVXOONXTETOPCPJOBKXNDOIYRYR HTTP/1.1" 404 232 "https://best-proxies.ru/" "Mozilla/5.0 (Windows NT 10.0; Win64; x64; rv:81.0) Gecko/20100101 Firefox/81.0"
202.28.250.111 - - [18/Mar/2021:07:53:21 +0000] "POST /upload HTTP/1.1" 200 70 "-" "Dart/2.13 (dart:io)"
85.119.151.252 - - [18/Mar/2021:07:53:23 +0000] "CONNECT 5.178.86.76:80 HTTP/1.1" 404 232 "-" "-"
85.119.151.250 - - [18/Mar/2021:07:58:24 +0000] "POST http://check.best-proxies.ru/azenv.php?s=VIVJVXOONXTETOPCPNPXMIPEOIYRYR HTTP/1.1" 404 232 "https://best-proxies.ru/" "Mozilla/5.0 (Windows NT 10.0; Win64; x64) AppleWebKit/537.36 (KHTML, like Gecko) Chrome/86.0.4240.75 Safari/537.36"
85.119.151.254 - - [18/Mar/2021:07:58:30 +0000] "CONNECT 5.178.86.76:80 HTTP/1.1" 404 232 "-" "-"
89.248.165.119 - - [18/Mar/2021:10:48:09 +0000] "CONNECT hotmail-com.olc.protection.outlook.com:25 HTTP/1.1" 404 232 "-" "-"
85.119.151.254 - - [18/Mar/2021:10:52:14 +0000] "POST http://check.best-proxies.ru/azenv.php?s=VIVJVXOONXTETOPCPUIOMDKEYIYRYR HTTP/1.1" 404 232 "https://best-proxies.ru/" "Mozilla/5.0 (Windows NT 6.1; Win64; x64) AppleWebKit/537.36 (KHTML, like Gecko) Chrome/86.0.4240.75 Safari/537.36"
85.119.151.253 - - [18/Mar/2021:10:52:19 +0000] "CONNECT 5.178.86.76:80 HTTP/1.1" 404 232 "-" "-"
85.119.151.254 - - [18/Mar/2021:10:56:08 +0000] "POST http://check.best-proxies.ru/azenv.php?s=VIVJVXOONXTETOPCPJPEUUNEYIYRYR HTTP/1.1" 404 232 "https://best-proxies.ru/" "Mozilla/5.0 (Macintosh; Intel Mac OS X 10_15_7) AppleWebKit/537.36 (KHTML, like Gecko) Chrome/85.0.4183.121 Safari/537.36"
85.119.151.250 - - [18/Mar/2021:10:56:14 +0000] "CONNECT 5.178.86.76:80 HTTP/1.1" 404 232 "-" "-"
184.105.139.68 - - [18/Mar/2021:13:08:51 +0000] "GET / HTTP/1.1" 200 337 "-" "-"
85.119.151.253 - - [18/Mar/2021:13:54:12 +0000] "POST http://check.best-proxies.ru/azenv.php?s=VIVJVXOONXTETOPCPUKDIBYBKIYRYR HTTP/1.1" 404 232 "https://best-proxies.ru/" "Mozilla/5.0 (Windows NT 10.0; Win64; x64) AppleWebKit/537.36 (KHTML, like Gecko) Chrome/85.0.4183.121 Safari/537.36 OPR/71.0.3770.234 (Edition Yx GX)"
85.119.151.251 - - [18/Mar/2021:13:54:17 +0000] "CONNECT 5.178.86.76:80 HTTP/1.1" 404 232 "-" "-"
85.119.151.250 - - [18/Mar/2021:13:55:24 +0000] "POST http://check.best-proxies.ru/azenv.php?s=VIVJVXOONXTETOPCPEKDMOKBKIYRYR HTTP/1.1" 404 232 "https://best-proxies.ru/" "Mozilla/5.0 (Windows NT 10.0; Win64; x64) AppleWebKit/537.36 (KHTML, like Gecko) Chrome/85.0.4183.121 Safari/537.36 OPR/71.0.3770.234 (Edition Yx GX)"
85.119.151.252 - - [18/Mar/2021:13:55:29 +0000] "CONNECT 5.178.86.76:80 HTTP/1.1" 404 232 "-" "-"
85.119.151.252 - - [18/Mar/2021:16:54:29 +0000] "POST http://check.best-proxies.ru/azenv.php?s=VIVJVXOONXTETOPCPXOENUMUUIYRYR HTTP/1.1" 404 232 "https://best-proxies.ru/" "Mozilla/5.0 (Windows NT 10.0; Win64; x64) AppleWebKit/537.36 (KHTML, like Gecko) Chrome/85.0.4183.102 YaBrowser/20.9.2.80 Yowser/2.5 Safari/537.36"
85.119.151.253 - - [18/Mar/2021:16:54:33 +0000] "CONNECT 5.178.86.76:80 HTTP/1.1" 404 232 "-" "-"
85.119.151.254 - - [18/Mar/2021:16:55:24 +0000] "POST http://check.best-proxies.ru/azenv.php?s=VIVJVXOONXTETOPCPDNOMOOUUIYRYR HTTP/1.1" 404 232 "https://best-proxies.ru/" "Mozilla/5.0 (Macintosh; Intel Mac OS X 10_15_7) AppleWebKit/537.36 (KHTML, like Gecko) Chrome/85.0.4183.121 Safari/537.36"
85.119.151.253 - - [18/Mar/2021:16:55:29 +0000] "CONNECT 5.178.86.76:80 HTTP/1.1" 404 232 "-" "-"
34.77.162.4 - - [18/Mar/2021:19:23:57 +0000] "GET / HTTP/1.1" 200 337 "-" "Expanse indexes the network perimeters of our customers. If you have any questions or concerns, please reach out to: scaninfo@expanseinc.com"
5.178.86.78 - - [18/Mar/2021:19:52:37 +0000] "POST http://check.best-proxies.ru/azenv.php?s=VIVJVXOONXTETOPCPNOBKBINNIYRYR HTTP/1.1" 404 232 "https://best-proxies.ru/" "Mozilla/5.0 (Windows NT 6.1; Win64; x64) AppleWebKit/537.36 (KHTML, like Gecko) Chrome/86.0.4240.75 Safari/537.36"
5.178.86.78 - - [18/Mar/2021:19:52:42 +0000] "CONNECT 5.178.86.76:80 HTTP/1.1" 404 232 "-" "-"
5.178.86.74 - - [18/Mar/2021:19:53:22 +0000] "POST http://check.best-proxies.ru/azenv.php?s=VIVJVXOONXTETOPCPXOOTITNNIYRYR HTTP/1.1" 404 232 "https://best-proxies.ru/" "Mozilla/5.0 (Windows NT 10.0; Win64; x64) AppleWebKit/537.36 (KHTML, like Gecko) Chrome/85.0.4183.102 YaBrowser/20.9.2.80 Yowser/2.5 Safari/537.36"
5.178.86.76 - - [18/Mar/2021:19:53:27 +0000] "CONNECT 5.178.86.76:80 HTTP/1.1" 404 232 "-" "-"
172.104.92.166 - - [18/Mar/2021:20:38:31 +0000] "GET / HTTP/1.1" 200 337 "-" "HTTP Banner Detection (https://security.ipip.net)"
162.142.125.53 - - [18/Mar/2021:21:51:47 +0000] "GET / HTTP/1.1" 200 337 "-" "-"
162.142.125.53 - - [18/Mar/2021:21:51:47 +0000] "GET / HTTP/1.1" 200 337 "-" "Mozilla/5.0 (compatible; CensysInspect/1.1; +https://about.censys.io/)"
5.178.86.74 - - [18/Mar/2021:22:55:02 +0000] "POST http://check.best-proxies.ru/azenv.php?s=VIVJVXOONXTETOPCPDNNTIIJVRYRYR HTTP/1.1" 404 232 "https://best-proxies.ru/" "Mozilla/5.0 (Windows NT 10.0; Win64; x64) AppleWebKit/537.36 (KHTML, like Gecko) Chrome/85.0.4183.102 YaBrowser/20.9.2.80 Yowser/2.5 Safari/537.36"
5.178.86.76 - - [18/Mar/2021:22:55:07 +0000] "CONNECT 5.178.86.76:80 HTTP/1.1" 404 232 "-" "-"
5.178.86.74 - - [18/Mar/2021:22:55:24 +0000] "CONNECT 5.178.86.76:80 HTTP/1.1" 404 232 "-" "-"
5.178.86.74 - - [18/Mar/2021:22:55:24 +0000] "POST http://check.best-proxies.ru/azenv.php?s=VIVJVXOONXTETOPCPJNJMOIJVRYRYR HTTP/1.1" 404 232 "https://best-proxies.ru/" "Mozilla/5.0 (Windows NT 10.0; Win64; x64) AppleWebKit/537.36 (KHTML, like Gecko) Chrome/85.0.4183.121 Safari/537.36 OPR/71.0.3770.234 (Edition Yx GX)"
5.178.86.78 - - [19/Mar/2021:01:52:23 +0000] "POST http://check.best-proxies.ru/azenv.php?s=VIVJVXOONXTETOPCPJIDPEKJIRYRYR HTTP/1.1" 404 232 "https://best-proxies.ru/" "Mozilla/5.0 (Windows NT 10.0; Win64; x64) AppleWebKit/537.36 (KHTML, like Gecko) Chrome/86.0.4240.75 Safari/537.36"
5.178.86.76 - - [19/Mar/2021:01:52:28 +0000] "CONNECT 5.178.86.76:80 HTTP/1.1" 404 232 "-" "-"
5.178.86.78 - - [19/Mar/2021:01:53:16 +0000] "POST http://check.best-proxies.ru/azenv.php?s=VIVJVXOONXTETOPCPNPBYXKJIRYRYR HTTP/1.1" 404 232 "https://best-proxies.ru/" "Mozilla/5.0 (Windows NT 6.1; Win64; x64) AppleWebKit/537.36 (KHTML, like Gecko) Chrome/86.0.4240.75 Safari/537.36"
5.178.86.74 - - [19/Mar/2021:01:53:21 +0000] "CONNECT 5.178.86.76:80 HTTP/1.1" 404 232 "-" "-"
167.248.133.40 - - [19/Mar/2021:02:43:31 +0000] "GET / HTTP/1.1" 200 337 "-" "-"
167.248.133.40 - - [19/Mar/2021:02:43:31 +0000] "GET / HTTP/1.1" 200 337 "-" "Mozilla/5.0 (compatible; CensysInspect/1.1; +https://about.censys.io/)"
172.104.92.166 - - [19/Mar/2021:03:11:25 +0000] "GET / HTTP/1.1" 200 337 "-" "HTTP Banner Detection (https://security.ipip.net)"
222.186.136.150 - - [19/Mar/2021:04:39:57 +0000] "GET http://fuwu.sogou.com/404/index.html HTTP/1.1" 404 232 "-" "Mozilla/5.0 (Macintosh; U; Intel Mac OS X 10_6_1; en-US) AppleWebKit/533.4 (KHTML, like Gecko) Chrome/5.0.375.86 Safari/533.4"
5.178.86.78 - - [19/Mar/2021:04:52:46 +0000] "POST http://check.best-proxies.ru/azenv.php?s=VIVJVXOONXTETOPCPEPEYUOXTRYRYR HTTP/1.1" 404 232 "https://best-proxies.ru/" "Mozilla/5.0 (Macintosh; Intel Mac OS X 10_15_7) AppleWebKit/537.36 (KHTML, like Gecko) Chrome/85.0.4183.121 Safari/537.36"
5.178.86.74 - - [19/Mar/2021:04:52:51 +0000] "CONNECT 5.178.86.76:80 HTTP/1.1" 404 232 "-" "-"
5.178.86.74 - - [19/Mar/2021:04:53:38 +0000] "POST http://check.best-proxies.ru/azenv.php?s=VIVJVXOONXTETOPCPIODURYXTRYRYR HTTP/1.1" 404 232 "https://best-proxies.ru/" "Mozilla/5.0 (Windows NT 6.1; Win64; x64) AppleWebKit/537.36 (KHTML, like Gecko) Chrome/86.0.4240.75 Safari/537.36"
5.178.86.74 - - [19/Mar/2021:04:53:43 +0000] "CONNECT 5.178.86.76:80 HTTP/1.1" 404 232 "-" "-"
5.178.86.74 - - [19/Mar/2021:07:52:33 +0000] "POST http://check.best-proxies.ru/azenv.php?s=VIVJVXOONXTETOPCPIPXPBPIMRYRYR HTTP/1.1" 404 232 "https://best-proxies.ru/" "Mozilla/5.0 (Windows NT 10.0; Win64; x64) AppleWebKit/537.36 (KHTML, like Gecko) Chrome/86.0.4240.75 Safari/537.36"
5.178.86.78 - - [19/Mar/2021:07:52:38 +0000] "CONNECT 5.178.86.76:80 HTTP/1.1" 404 232 "-" "-"
5.178.86.78 - - [19/Mar/2021:07:53:17 +0000] "POST http://check.best-proxies.ru/azenv.php?s=VIVJVXOONXTETOPCPEPRKXPIMRYRYR HTTP/1.1" 404 232 "https://best-proxies.ru/" "Mozilla/5.0 (Macintosh; Intel Mac OS X 10_14_5) AppleWebKit/605.1.15 (KHTML, like Gecko) Version/13.1.1 Safari/605.1.15"
5.178.86.74 - - [19/Mar/2021:07:53:23 +0000] "CONNECT 5.178.86.76:80 HTTP/1.1" 404 232 "-" "-"
184.105.139.67 - - [19/Mar/2021:10:47:03 +0000] "GET / HTTP/1.1" 200 337 "-" "-"
5.178.86.78 - - [19/Mar/2021:10:53:07 +0000] "POST http://check.best-proxies.ru/azenv.php?s=VIVJVXOONXTETOPCPDIOKJIRORYRYR HTTP/1.1" 404 232 "https://best-proxies.ru/" "Mozilla/5.0 (Macintosh; Intel Mac OS X 10_14_5) AppleWebKit/605.1.15 (KHTML, like Gecko) Version/13.1.1 Safari/605.1.15"
5.178.86.74 - - [19/Mar/2021:10:53:12 +0000] "CONNECT 5.178.86.76:80 HTTP/1.1" 404 232 "-" "-"
5.178.86.74 - - [19/Mar/2021:10:54:01 +0000] "POST http://check.best-proxies.ru/azenv.php?s=VIVJVXOONXTETOPCPRKXIETRORYRYR HTTP/1.1" 404 232 "https://best-proxies.ru/" "Mozilla/5.0 (Windows NT 10.0; Win64; x64) AppleWebKit/537.36 (KHTML, like Gecko) Chrome/85.0.4183.121 Safari/537.36 OPR/71.0.3770.234 (Edition Yx GX)"
5.178.86.74 - - [19/Mar/2021:10:54:06 +0000] "CONNECT 5.178.86.76:80 HTTP/1.1" 404 232 "-" "-"
5.178.86.74 - - [19/Mar/2021:13:53:08 +0000] "POST http://check.best-proxies.ru/azenv.php?s=VIVJVXOONXTETOPCPXPBUJNRYRYRYR HTTP/1.1" 404 232 "https://best-proxies.ru/" "Mozilla/5.0 (Windows NT 10.0; Win64; x64) AppleWebKit/537.36 (KHTML, like Gecko) Chrome/86.0.4240.75 Safari/537.36"
5.178.86.74 - - [19/Mar/2021:13:53:13 +0000] "CONNECT 5.178.86.76:80 HTTP/1.1" 404 232 "-" "-"
5.178.86.76 - - [19/Mar/2021:13:54:13 +0000] "POST http://check.best-proxies.ru/azenv.php?s=VIVJVXOONXTETOPCPINXPBVOYRYRYR HTTP/1.1" 404 232 "https://best-proxies.ru/" "Mozilla/5.0 (Windows NT 10.0; Win64; x64; rv:81.0) Gecko/20100101 Firefox/81.0"
5.178.86.76 - - [19/Mar/2021:13:54:18 +0000] "CONNECT 5.178.86.76:80 HTTP/1.1" 404 232 "-" "-"
88.5.238.31 - - [19/Mar/2021:15:11:51 +0000] "GET / HTTP/1.1" 200 337 "-" "Mozilla/5.0 zgrab/0.x"
141.226.161.50 - - [19/Mar/2021:15:57:57 +0000] "GET / HTTP/1.1" 200 337 "-" "Python/3.8 aiohttp/3.6.2"
5.178.86.74 - - [19/Mar/2021:16:52:40 +0000] "POST http://check.best-proxies.ru/azenv.php?s=VIVJVXOONXTETOPCPJODVUKOKRYRYR HTTP/1.1" 404 232 "https://best-proxies.ru/" "Mozilla/5.0 (Windows NT 10.0; Win64; x64) AppleWebKit/537.36 (KHTML, like Gecko) Chrome/85.0.4183.121 Safari/537.36 OPR/71.0.3770.271"
5.178.86.74 - - [19/Mar/2021:16:52:45 +0000] "CONNECT 5.178.86.76:80 HTTP/1.1" 404 232 "-" "-"
5.178.86.76 - - [19/Mar/2021:16:53:46 +0000] "POST http://check.best-proxies.ru/azenv.php?s=VIVJVXOONXTETOPCPIODYOUOKRYRYR HTTP/1.1" 404 232 "https://best-proxies.ru/" "Mozilla/5.0 (Macintosh; Intel Mac OS X 10_14_5) AppleWebKit/605.1.15 (KHTML, like Gecko) Version/13.1.1 Safari/605.1.15"
5.178.86.74 - - [19/Mar/2021:16:53:51 +0000] "CONNECT 5.178.86.76:80 HTTP/1.1" 404 232 "-" "-"
203.150.155.92 - - [19/Mar/2021:17:48:42 +0000] "GET / HTTP/1.1" 200 337 "-" "Mozilla/5.0 (Windows NT 10.0; Win64; x64) AppleWebKit/537.36 (KHTML, like Gecko) Chrome/89.0.4389.90 Safari/537.36"
203.150.155.92 - - [19/Mar/2021:17:48:43 +0000] "GET /favicon.ico HTTP/1.1" 404 232 "http://192.46.230.251:8000/" "Mozilla/5.0 (Windows NT 10.0; Win64; x64) AppleWebKit/537.36 (KHTML, like Gecko) Chrome/89.0.4389.90 Safari/537.36"
203.150.155.92 - - [19/Mar/2021:17:51:26 +0000] "GET / HTTP/1.1" 200 337 "-" "Mozilla/5.0 (Windows NT 10.0; Win64; x64) AppleWebKit/537.36 (KHTML, like Gecko) Chrome/89.0.4389.90 Safari/537.36"
203.150.155.92 - - [19/Mar/2021:17:52:44 +0000] "POST /upload HTTP/1.1" 200 70 "http://192.46.230.251:8000/" "Mozilla/5.0 (Windows NT 10.0; Win64; x64) AppleWebKit/537.36 (KHTML, like Gecko) Chrome/89.0.4389.90 Safari/537.36"
203.150.155.92 - - [19/Mar/2021:17:54:00 +0000] "POST /upload HTTP/1.1" 200 52 "http://192.46.230.251:8000/" "Mozilla/5.0 (Windows NT 10.0; Win64; x64) AppleWebKit/537.36 (KHTML, like Gecko) Chrome/89.0.4389.90 Safari/537.36"
203.150.155.92 - - [19/Mar/2021:18:15:06 +0000] "POST /upload HTTP/1.1" 200 52 "http://192.46.230.251:8000/" "Mozilla/5.0 (Windows NT 10.0; Win64; x64) AppleWebKit/537.36 (KHTML, like Gecko) Chrome/89.0.4389.90 Safari/537.36"
203.150.155.92 - - [19/Mar/2021:18:16:05 +0000] "POST /upload HTTP/1.1" 500 290 "http://192.46.230.251:8000/" "Mozilla/5.0 (Windows NT 10.0; Win64; x64) AppleWebKit/537.36 (KHTML, like Gecko) Chrome/89.0.4389.90 Safari/537.36"
203.150.155.92 - - [19/Mar/2021:18:17:03 +0000] "POST /upload HTTP/1.1" 200 70 "http://192.46.230.251:8000/" "Mozilla/5.0 (Windows NT 10.0; Win64; x64) AppleWebKit/537.36 (KHTML, like Gecko) Chrome/89.0.4389.90 Safari/537.36"
203.150.155.92 - - [19/Mar/2021:18:17:34 +0000] "POST /upload HTTP/1.1" 200 70 "http://192.46.230.251:8000/" "Mozilla/5.0 (Windows NT 10.0; Win64; x64) AppleWebKit/537.36 (KHTML, like Gecko) Chrome/89.0.4389.90 Safari/537.36"
203.150.155.92 - - [19/Mar/2021:18:18:06 +0000] "POST /upload HTTP/1.1" 500 290 "http://192.46.230.251:8000/" "Mozilla/5.0 (Windows NT 10.0; Win64; x64) AppleWebKit/537.36 (KHTML, like Gecko) Chrome/89.0.4389.90 Safari/537.36"
203.150.155.92 - - [19/Mar/2021:18:18:54 +0000] "POST /upload HTTP/1.1" 200 70 "http://192.46.230.251:8000/" "Mozilla/5.0 (Windows NT 10.0; Win64; x64) AppleWebKit/537.36 (KHTML, like Gecko) Chrome/89.0.4389.90 Safari/537.36"
203.150.155.92 - - [19/Mar/2021:18:22:25 +0000] "POST /upload HTTP/1.1" 200 70 "http://192.46.230.251:8000/" "Mozilla/5.0 (Windows NT 10.0; Win64; x64) AppleWebKit/537.36 (KHTML, like Gecko) Chrome/89.0.4389.90 Safari/537.36"
74.120.14.56 - - [19/Mar/2021:18:23:07 +0000] "GET / HTTP/1.1" 200 337 "-" "-"
74.120.14.56 - - [19/Mar/2021:18:23:07 +0000] "GET / HTTP/1.1" 200 337 "-" "Mozilla/5.0 (compatible; CensysInspect/1.1; +https://about.censys.io/)"
203.150.155.92 - - [19/Mar/2021:18:51:50 +0000] "POST /upload HTTP/1.1" 500 290 "http://192.46.230.251:8000/" "Mozilla/5.0 (Windows NT 10.0; Win64; x64) AppleWebKit/537.36 (KHTML, like Gecko) Chrome/89.0.4389.90 Safari/537.36"
203.150.155.92 - - [19/Mar/2021:18:52:32 +0000] "POST /upload HTTP/1.1" 200 64 "http://192.46.230.251:8000/" "Mozilla/5.0 (Windows NT 10.0; Win64; x64) AppleWebKit/537.36 (KHTML, like Gecko) Chrome/89.0.4389.90 Safari/537.36"
109.234.153.132 - - [19/Mar/2021:19:52:59 +0000] "POST http://check.best-proxies.ru/azenv.php?s=VIVJVXOONXTETOPCPJPUNNODURYRYR HTTP/1.1" 404 232 "https://best-proxies.ru/" "Mozilla/5.0 (Windows NT 10.0; Win64; x64) AppleWebKit/537.36 (KHTML, like Gecko) Chrome/85.0.4183.102 YaBrowser/20.9.2.80 Yowser/2.5 Safari/537.36"
109.234.153.130 - - [19/Mar/2021:19:53:04 +0000] "CONNECT 5.178.86.76:80 HTTP/1.1" 404 232 "-" "-"
109.234.153.131 - - [19/Mar/2021:19:54:05 +0000] "POST http://check.best-proxies.ru/azenv.php?s=VIVJVXOONXTETOPCPUPEOEYDURYRYR HTTP/1.1" 404 232 "https://best-proxies.ru/" "Mozilla/5.0 (Windows NT 10.0; Win64; x64) AppleWebKit/537.36 (KHTML, like Gecko) Chrome/85.0.4183.121 Safari/537.36 OPR/71.0.3770.234 (Edition Yx GX)"
109.234.153.132 - - [19/Mar/2021:19:54:10 +0000] "CONNECT 5.178.86.76:80 HTTP/1.1" 404 232 "-" "-"
34.77.162.6 - - [19/Mar/2021:21:38:27 +0000] "GET / HTTP/1.1" 200 337 "-" "Expanse indexes the network perimeters of our customers. If you have any questions or concerns, please reach out to: scaninfo@expanseinc.com"
109.234.153.132 - - [19/Mar/2021:22:52:54 +0000] "POST http://check.best-proxies.ru/azenv.php?s=VIVJVXOONXTETOPCPJOBMNPENRYRYR HTTP/1.1" 404 232 "https://best-proxies.ru/" "Mozilla/5.0 (Windows NT 10.0; Win64; x64) AppleWebKit/537.36 (KHTML, like Gecko) Chrome/86.0.4240.75 Safari/537.36"
109.234.153.130 - - [19/Mar/2021:22:52:59 +0000] "CONNECT 5.178.86.76:80 HTTP/1.1" 404 232 "-" "-"
109.234.153.132 - - [19/Mar/2021:22:53:38 +0000] "POST http://check.best-proxies.ru/azenv.php?s=VIVJVXOONXTETOPCPOOEURMENRYRYR HTTP/1.1" 404 232 "https://best-proxies.ru/" "Mozilla/5.0 (Windows NT 10.0; Win64; x64) AppleWebKit/537.36 (KHTML, like Gecko) Chrome/86.0.4240.75 Safari/537.36"
109.234.153.131 - - [19/Mar/2021:22:53:43 +0000] "CONNECT 5.178.86.76:80 HTTP/1.1" 404 232 "-" "-"
212.154.117.172 - - [19/Mar/2021:23:19:18 +0000] "GET / HTTP/1.0" 200 337 "-" "-"
109.234.153.131 - - [20/Mar/2021:01:52:51 +0000] "POST http://check.best-proxies.ru/azenv.php?s=VIVJVXOONXTETOPCPXPXINIBVOYRYR HTTP/1.1" 404 232 "https://best-proxies.ru/" "Mozilla/5.0 (Windows NT 10.0; Win64; x64) AppleWebKit/537.36 (KHTML, like Gecko) Chrome/85.0.4183.121 Safari/537.36 OPR/71.0.3770.234 (Edition Yx GX)"
109.234.153.131 - - [20/Mar/2021:01:52:56 +0000] "CONNECT 5.178.86.76:80 HTTP/1.1" 404 232 "-" "-"
109.234.153.132 - - [20/Mar/2021:01:53:19 +0000] "POST http://check.best-proxies.ru/azenv.php?s=VIVJVXOONXTETOPCPNORNXIBVOYRYR HTTP/1.1" 404 232 "https://best-proxies.ru/" "Mozilla/5.0 (Windows NT 10.0; Win64; x64) AppleWebKit/537.36 (KHTML, like Gecko) Chrome/85.0.4183.102 YaBrowser/20.9.2.80 Yowser/2.5 Safari/537.36"
109.234.153.132 - - [20/Mar/2021:01:53:24 +0000] "CONNECT 5.178.86.76:80 HTTP/1.1" 404 232 "-" "-"
213.168.248.26 - - [20/Mar/2021:02:44:07 +0000] "GET / HTTP/1.0" 200 337 "-" "-"
81.215.87.4 - - [20/Mar/2021:04:46:49 +0000] "GET / HTTP/1.0" 200 337 "-" "-"
109.234.153.132 - - [20/Mar/2021:04:54:30 +0000] "POST http://check.best-proxies.ru/azenv.php?s=VIVJVXOONXTETOPCPEPXVNVUIOYRYR HTTP/1.1" 404 232 "https://best-proxies.ru/" "Mozilla/5.0 (Windows NT 10.0; Win64; x64) AppleWebKit/537.36 (KHTML, like Gecko) Chrome/86.0.4240.75 Safari/537.36"
109.234.153.130 - - [20/Mar/2021:04:54:35 +0000] "CONNECT 5.178.86.76:80 HTTP/1.1" 404 232 "-" "-"
